=== run 1 pos=3m 2026-08-23T05:12:22+03:00 ===
  No calibration found — levels in dBFS only.

  IR: 50 → 16000 Hz  |  -30.0 dBFS  |  2.0s  |  5 harmonics, 16384-sample window, 0.80s tail
  Output: system:playback_5
  Running IR measurement...

  harmonics     4 order(s) extracted
  captured      2.80s  (2.00s sweep + 0.80s tail)
  arrival       +1424 samples  (+14.833 ms re gate centre @ 96000 Hz)
                onset: backward threshold from floor, no causal bound
  distance      unavailable — no calibration stored for this channel pair — run `ac calibrate` with loopback patched to measure τ for device 0 / jack backend
  peak          0.0855 FS  (-21.36 dB re unity)  at sample 9712  (diagnostic — not arrival)
  pre-imp SNR   22.7 dB
  gate          rectangular window, 16384 samples (170.67 ms) → f_low 5.9 Hz
  note: report_dir not configured — result not persisted (see `ac setup`)

  ISO 18233 §6.3.2 tail-decay check FAILED: 1/3-oct 100 Hz band only decayed 7.2 dB over the captured tail (need ≥30 dB) — this capture may be unreliable for band-resolved work; re-run with a longer tail_s.
  harmonic gate window clamped below the requested 16384 samples so adjacent orders do not overlap: order 2 → 13496 samples, order 3 → 9575 samples, order 4 → 7428 samples, order 5 → 7428 samples. Orders not listed used the requested length.
  The decaying tail after the peak is a linear-deconvolution artefact (fft_linear_convolve), increasingly low-pass filtered toward its end — not the measured system's reverberant decay. See ISO 18233 §B.5.
=== run 2 pos=3m 2026-08-23T05:12:25+03:00 ===
  No calibration found — levels in dBFS only.

  IR: 50 → 16000 Hz  |  -30.0 dBFS  |  2.0s  |  5 harmonics, 16384-sample window, 0.80s tail
  Output: system:playback_5
  Running IR measurement...

  harmonics     4 order(s) extracted
  captured      2.80s  (2.00s sweep + 0.80s tail)
  arrival       +1423 samples  (+14.823 ms re gate centre @ 96000 Hz)
                onset: backward threshold from floor, no causal bound
  distance      unavailable — no calibration stored for this channel pair — run `ac calibrate` with loopback patched to measure τ for device 0 / jack backend
  peak          0.0787 FS  (-22.09 dB re unity)  at sample 9710  (diagnostic — not arrival)
  pre-imp SNR   23.0 dB
  gate          rectangular window, 16384 samples (170.67 ms) → f_low 5.9 Hz
  note: report_dir not configured — result not persisted (see `ac setup`)

  ISO 18233 §6.3.2 tail-decay check FAILED: 1/3-oct 100 Hz band only decayed 10.7 dB over the captured tail (need ≥30 dB) — this capture may be unreliable for band-resolved work; re-run with a longer tail_s.
  harmonic gate window clamped below the requested 16384 samples so adjacent orders do not overlap: order 2 → 13496 samples, order 3 → 9575 samples, order 4 → 7428 samples, order 5 → 7428 samples. Orders not listed used the requested length.
  The decaying tail after the peak is a linear-deconvolution artefact (fft_linear_convolve), increasingly low-pass filtered toward its end — not the measured system's reverberant decay. See ISO 18233 §B.5.
=== run 3 pos=3m 2026-08-23T05:12:29+03:00 ===
  No calibration found — levels in dBFS only.

  IR: 50 → 16000 Hz  |  -30.0 dBFS  |  2.0s  |  5 harmonics, 16384-sample window, 0.80s tail
  Output: system:playback_5
  Running IR measurement...

  harmonics     4 order(s) extracted
  captured      2.80s  (2.00s sweep + 0.80s tail)
  arrival       +1432 samples  (+14.917 ms re gate centre @ 96000 Hz)
                onset: backward threshold from floor, no causal bound
  distance      unavailable — no calibration stored for this channel pair — run `ac calibrate` with loopback patched to measure τ for device 0 / jack backend
  peak          0.0666 FS  (-23.53 dB re unity)  at sample 9710  (diagnostic — not arrival)
  pre-imp SNR   22.7 dB
  gate          rectangular window, 16384 samples (170.67 ms) → f_low 5.9 Hz
  note: report_dir not configured — result not persisted (see `ac setup`)

  ISO 18233 §6.3.2 tail-decay check FAILED: 1/3-oct 12589 Hz band only decayed 5.0 dB over the captured tail (need ≥30 dB) — this capture may be unreliable for band-resolved work; re-run with a longer tail_s.
  harmonic gate window clamped below the requested 16384 samples so adjacent orders do not overlap: order 2 → 13496 samples, order 3 → 9575 samples, order 4 → 7428 samples, order 5 → 7428 samples. Orders not listed used the requested length.
  The decaying tail after the peak is a linear-deconvolution artefact (fft_linear_convolve), increasingly low-pass filtered toward its end — not the measured system's reverberant decay. See ISO 18233 §B.5.
=== run 4 pos=3m 2026-08-23T05:12:32+03:00 ===
  No calibration found — levels in dBFS only.

  IR: 50 → 16000 Hz  |  -30.0 dBFS  |  2.0s  |  5 harmonics, 16384-sample window, 0.80s tail
  Output: system:playback_5
  Running IR measurement...

  harmonics     4 order(s) extracted
  captured      2.80s  (2.00s sweep + 0.80s tail)
  arrival       +1427 samples  (+14.865 ms re gate centre @ 96000 Hz)
                onset: backward threshold from floor, no causal bound
  distance      unavailable — no calibration stored for this channel pair — run `ac calibrate` with loopback patched to measure τ for device 0 / jack backend
  peak          0.0785 FS  (-22.10 dB re unity)  at sample 9710  (diagnostic — not arrival)
  pre-imp SNR   21.9 dB
  gate          rectangular window, 16384 samples (170.67 ms) → f_low 5.9 Hz
  note: report_dir not configured — result not persisted (see `ac setup`)

  ISO 18233 §6.3.2 tail-decay check FAILED: 1/3-oct 100 Hz band only decayed 5.9 dB over the captured tail (need ≥30 dB) — this capture may be unreliable for band-resolved work; re-run with a longer tail_s.
  harmonic gate window clamped below the requested 16384 samples so adjacent orders do not overlap: order 2 → 13496 samples, order 3 → 9575 samples, order 4 → 7428 samples, order 5 → 7428 samples. Orders not listed used the requested length.
  The decaying tail after the peak is a linear-deconvolution artefact (fft_linear_convolve), increasingly low-pass filtered toward its end — not the measured system's reverberant decay. See ISO 18233 §B.5.
=== run 5 pos=3m 2026-08-23T05:12:36+03:00 ===
  No calibration found — levels in dBFS only.

  IR: 50 → 16000 Hz  |  -30.0 dBFS  |  2.0s  |  5 harmonics, 16384-sample window, 0.80s tail
  Output: system:playback_5
  Running IR measurement...

  harmonics     4 order(s) extracted
  captured      2.80s  (2.00s sweep + 0.80s tail)
  arrival       +1429 samples  (+14.885 ms re gate centre @ 96000 Hz)
                onset: backward threshold from floor, no causal bound
  distance      unavailable — no calibration stored for this channel pair — run `ac calibrate` with loopback patched to measure τ for device 0 / jack backend
  peak          0.0810 FS  (-21.83 dB re unity)  at sample 9711  (diagnostic — not arrival)
  pre-imp SNR   21.3 dB
  gate          rectangular window, 16384 samples (170.67 ms) → f_low 5.9 Hz
  note: report_dir not configured — result not persisted (see `ac setup`)

  ISO 18233 §6.3.2 tail-decay check FAILED: 1/3-oct 100 Hz band only decayed 6.7 dB over the captured tail (need ≥30 dB) — this capture may be unreliable for band-resolved work; re-run with a longer tail_s.
  harmonic gate window clamped below the requested 16384 samples so adjacent orders do not overlap: order 2 → 13496 samples, order 3 → 9575 samples, order 4 → 7428 samples, order 5 → 7428 samples. Orders not listed used the requested length.
  The decaying tail after the peak is a linear-deconvolution artefact (fft_linear_convolve), increasingly low-pass filtered toward its end — not the measured system's reverberant decay. See ISO 18233 §B.5.
=== run 6 pos=3m 2026-08-23T05:12:39+03:00 ===
  No calibration found — levels in dBFS only.

  IR: 50 → 16000 Hz  |  -30.0 dBFS  |  2.0s  |  5 harmonics, 16384-sample window, 0.80s tail
  Output: system:playback_5
  Running IR measurement...

  harmonics     4 order(s) extracted
  captured      2.80s  (2.00s sweep + 0.80s tail)
  arrival       +1425 samples  (+14.844 ms re gate centre @ 96000 Hz)
                onset: backward threshold from floor, no causal bound
  distance      unavailable — no calibration stored for this channel pair — run `ac calibrate` with loopback patched to measure τ for device 0 / jack backend
  peak          0.0783 FS  (-22.12 dB re unity)  at sample 9710  (diagnostic — not arrival)
  pre-imp SNR   22.8 dB
  gate          rectangular window, 16384 samples (170.67 ms) → f_low 5.9 Hz
  note: report_dir not configured — result not persisted (see `ac setup`)

  ISO 18233 §6.3.2 tail-decay check FAILED: 1/3-oct 100 Hz band only decayed 0.2 dB over the captured tail (need ≥30 dB) — this capture may be unreliable for band-resolved work; re-run with a longer tail_s.
  harmonic gate window clamped below the requested 16384 samples so adjacent orders do not overlap: order 2 → 13496 samples, order 3 → 9575 samples, order 4 → 7428 samples, order 5 → 7428 samples. Orders not listed used the requested length.
  The decaying tail after the peak is a linear-deconvolution artefact (fft_linear_convolve), increasingly low-pass filtered toward its end — not the measured system's reverberant decay. See ISO 18233 §B.5.
=== run 7 pos=3m 2026-08-23T05:12:43+03:00 ===
  No calibration found — levels in dBFS only.

  IR: 50 → 16000 Hz  |  -30.0 dBFS  |  2.0s  |  5 harmonics, 16384-sample window, 0.80s tail
  Output: system:playback_5
  Running IR measurement...

  harmonics     4 order(s) extracted
  captured      2.80s  (2.00s sweep + 0.80s tail)
  arrival       +1428 samples  (+14.875 ms re gate centre @ 96000 Hz)
                onset: backward threshold from floor, no causal bound
  distance      unavailable — no calibration stored for this channel pair — run `ac calibrate` with loopback patched to measure τ for device 0 / jack backend
  peak          0.0808 FS  (-21.85 dB re unity)  at sample 9716  (diagnostic — not arrival)
  pre-imp SNR   22.6 dB
  gate          rectangular window, 16384 samples (170.67 ms) → f_low 5.9 Hz
  note: report_dir not configured — result not persisted (see `ac setup`)

  ISO 18233 §6.3.2 tail-decay check FAILED: 1/3-oct 12589 Hz band only decayed -8.0 dB over the captured tail (need ≥30 dB) — this capture may be unreliable for band-resolved work; re-run with a longer tail_s.
  harmonic gate window clamped below the requested 16384 samples so adjacent orders do not overlap: order 2 → 13496 samples, order 3 → 9575 samples, order 4 → 7428 samples, order 5 → 7428 samples. Orders not listed used the requested length.
  The decaying tail after the peak is a linear-deconvolution artefact (fft_linear_convolve), increasingly low-pass filtered toward its end — not the measured system's reverberant decay. See ISO 18233 §B.5.
=== run 8 pos=3m 2026-08-23T05:12:46+03:00 ===
  No calibration found — levels in dBFS only.

  IR: 50 → 16000 Hz  |  -30.0 dBFS  |  2.0s  |  5 harmonics, 16384-sample window, 0.80s tail
  Output: system:playback_5
  Running IR measurement...

  harmonics     4 order(s) extracted
  captured      2.80s  (2.00s sweep + 0.80s tail)
  arrival       +1421 samples  (+14.802 ms re gate centre @ 96000 Hz)
                onset: backward threshold from floor, no causal bound
  distance      unavailable — no calibration stored for this channel pair — run `ac calibrate` with loopback patched to measure τ for device 0 / jack backend
  peak          0.0786 FS  (-22.09 dB re unity)  at sample 9710  (diagnostic — not arrival)
  pre-imp SNR   24.6 dB
  gate          rectangular window, 16384 samples (170.67 ms) → f_low 5.9 Hz
  note: report_dir not configured — result not persisted (see `ac setup`)

  ISO 18233 §6.3.2 tail-decay check FAILED: 1/3-oct 100 Hz band only decayed 5.8 dB over the captured tail (need ≥30 dB) — this capture may be unreliable for band-resolved work; re-run with a longer tail_s.
  harmonic gate window clamped below the requested 16384 samples so adjacent orders do not overlap: order 2 → 13496 samples, order 3 → 9575 samples, order 4 → 7428 samples, order 5 → 7428 samples. Orders not listed used the requested length.
  The decaying tail after the peak is a linear-deconvolution artefact (fft_linear_convolve), increasingly low-pass filtered toward its end — not the measured system's reverberant decay. See ISO 18233 §B.5.
=== run 9 pos=3m 2026-08-23T05:12:49+03:00 ===
  No calibration found — levels in dBFS only.

  IR: 50 → 16000 Hz  |  -30.0 dBFS  |  2.0s  |  5 harmonics, 16384-sample window, 0.80s tail
  Output: system:playback_5
  Running IR measurement...

  harmonics     4 order(s) extracted
  captured      2.80s  (2.00s sweep + 0.80s tail)
  arrival       +1426 samples  (+14.854 ms re gate centre @ 96000 Hz)
                onset: backward threshold from floor, no causal bound
  distance      unavailable — no calibration stored for this channel pair — run `ac calibrate` with loopback patched to measure τ for device 0 / jack backend
  peak          0.0775 FS  (-22.22 dB re unity)  at sample 9709  (diagnostic — not arrival)
  pre-imp SNR   22.4 dB
  gate          rectangular window, 16384 samples (170.67 ms) → f_low 5.9 Hz
  note: report_dir not configured — result not persisted (see `ac setup`)

  ISO 18233 §6.3.2 tail-decay check FAILED: 1/3-oct 10000 Hz band only decayed -0.8 dB over the captured tail (need ≥30 dB) — this capture may be unreliable for band-resolved work; re-run with a longer tail_s.
  harmonic gate window clamped below the requested 16384 samples so adjacent orders do not overlap: order 2 → 13496 samples, order 3 → 9575 samples, order 4 → 7428 samples, order 5 → 7428 samples. Orders not listed used the requested length.
  The decaying tail after the peak is a linear-deconvolution artefact (fft_linear_convolve), increasingly low-pass filtered toward its end — not the measured system's reverberant decay. See ISO 18233 §B.5.
=== run 10 pos=3m 2026-08-23T05:12:53+03:00 ===
  No calibration found — levels in dBFS only.

  IR: 50 → 16000 Hz  |  -30.0 dBFS  |  2.0s  |  5 harmonics, 16384-sample window, 0.80s tail
  Output: system:playback_5
  Running IR measurement...

  harmonics     4 order(s) extracted
  captured      2.80s  (2.00s sweep + 0.80s tail)
  arrival       +1432 samples  (+14.917 ms re gate centre @ 96000 Hz)
                onset: backward threshold from floor, no causal bound
  distance      unavailable — no calibration stored for this channel pair — run `ac calibrate` with loopback patched to measure τ for device 0 / jack backend
  peak          0.0789 FS  (-22.06 dB re unity)  at sample 9711  (diagnostic — not arrival)
  pre-imp SNR   20.3 dB
  gate          rectangular window, 16384 samples (170.67 ms) → f_low 5.9 Hz
  note: report_dir not configured — result not persisted (see `ac setup`)

  ISO 18233 §6.3.2 tail-decay check FAILED: 1/3-oct 12589 Hz band only decayed 3.8 dB over the captured tail (need ≥30 dB) — this capture may be unreliable for band-resolved work; re-run with a longer tail_s.
  harmonic gate window clamped below the requested 16384 samples so adjacent orders do not overlap: order 2 → 13496 samples, order 3 → 9575 samples, order 4 → 7428 samples, order 5 → 7428 samples. Orders not listed used the requested length.
  The decaying tail after the peak is a linear-deconvolution artefact (fft_linear_convolve), increasingly low-pass filtered toward its end — not the measured system's reverberant decay. See ISO 18233 §B.5.
=== run 11 pos=3m 2026-08-23T05:12:56+03:00 ===
  No calibration found — levels in dBFS only.

  IR: 50 → 16000 Hz  |  -30.0 dBFS  |  2.0s  |  5 harmonics, 16384-sample window, 0.80s tail
  Output: system:playback_5
  Running IR measurement...

  harmonics     4 order(s) extracted
  captured      2.80s  (2.00s sweep + 0.80s tail)
  arrival       +1425 samples  (+14.844 ms re gate centre @ 96000 Hz)
                onset: backward threshold from floor, no causal bound
  distance      unavailable — no calibration stored for this channel pair — run `ac calibrate` with loopback patched to measure τ for device 0 / jack backend
  peak          0.0712 FS  (-22.95 dB re unity)  at sample 9711  (diagnostic — not arrival)
  pre-imp SNR   25.6 dB
  gate          rectangular window, 16384 samples (170.67 ms) → f_low 5.9 Hz
  note: report_dir not configured — result not persisted (see `ac setup`)

  ISO 18233 §6.3.2 tail-decay check FAILED: 1/3-oct 100 Hz band only decayed 2.9 dB over the captured tail (need ≥30 dB) — this capture may be unreliable for band-resolved work; re-run with a longer tail_s.
  harmonic gate window clamped below the requested 16384 samples so adjacent orders do not overlap: order 2 → 13496 samples, order 3 → 9575 samples, order 4 → 7428 samples, order 5 → 7428 samples. Orders not listed used the requested length.
  The decaying tail after the peak is a linear-deconvolution artefact (fft_linear_convolve), increasingly low-pass filtered toward its end — not the measured system's reverberant decay. See ISO 18233 §B.5.
=== run 12 pos=3m 2026-08-23T05:13:00+03:00 ===
  No calibration found — levels in dBFS only.

  IR: 50 → 16000 Hz  |  -30.0 dBFS  |  2.0s  |  5 harmonics, 16384-sample window, 0.80s tail
  Output: system:playback_5
  Running IR measurement...

  harmonics     4 order(s) extracted
  captured      2.80s  (2.00s sweep + 0.80s tail)
  arrival       +1429 samples  (+14.885 ms re gate centre @ 96000 Hz)
                onset: backward threshold from floor, no causal bound
  distance      unavailable — no calibration stored for this channel pair — run `ac calibrate` with loopback patched to measure τ for device 0 / jack backend
  peak          0.0743 FS  (-22.58 dB re unity)  at sample 9711  (diagnostic — not arrival)
  pre-imp SNR   22.3 dB
  gate          rectangular window, 16384 samples (170.67 ms) → f_low 5.9 Hz
  note: report_dir not configured — result not persisted (see `ac setup`)

  ISO 18233 §6.3.2 tail-decay check FAILED: 1/3-oct 12589 Hz band only decayed 5.0 dB over the captured tail (need ≥30 dB) — this capture may be unreliable for band-resolved work; re-run with a longer tail_s.
  harmonic gate window clamped below the requested 16384 samples so adjacent orders do not overlap: order 2 → 13496 samples, order 3 → 9575 samples, order 4 → 7428 samples, order 5 → 7428 samples. Orders not listed used the requested length.
  The decaying tail after the peak is a linear-deconvolution artefact (fft_linear_convolve), increasingly low-pass filtered toward its end — not the measured system's reverberant decay. See ISO 18233 §B.5.
=== done pos=3m 2026-08-23T05:13:03+03:00 ===
