ac-daemon: CTRL tcp://127.0.0.1:29700  DATA tcp://127.0.0.1:29701
jack: client "ac-daemon-86" out->[] in<-Some("Babyface Pro Pro:capture_2")
drain-tick seq=1 dt_us=- n=5376 occ_min=5376 occ_max=24576 occ=[5376, 24576] discarded=0
drain-tick seq=2 dt_us=53390 n=5120 occ_min=5120 occ_max=24320 occ=[5120, 24320] discarded=0
drain-tick seq=3 dt_us=53245 n=5120 occ_min=5120 occ_max=24320 occ=[5120, 24320] discarded=0
drain-tick seq=4 dt_us=53369 n=5120 occ_min=5120 occ_max=24320 occ=[5120, 24320] discarded=0
drain-tick seq=5 dt_us=53371 n=5120 occ_min=5120 occ_max=24320 occ=[5120, 24320] discarded=0
drain-tick seq=6 dt_us=53253 n=5120 occ_min=5120 occ_max=24320 occ=[5120, 24320] discarded=0
drain-tick seq=7 dt_us=53368 n=5120 occ_min=5120 occ_max=24320 occ=[5120, 24320] discarded=0
drain-tick seq=8 dt_us=53382 n=5120 occ_min=5120 occ_max=24320 occ=[5120, 24320] discarded=0
drain-tick seq=9 dt_us=53257 n=5120 occ_min=5120 occ_max=24320 occ=[5120, 24320] discarded=0
drain-tick seq=10 dt_us=53381 n=5120 occ_min=5120 occ_max=24320 occ=[5120, 24320] discarded=0
drain-tick seq=11 dt_us=53371 n=5120 occ_min=5120 occ_max=24320 occ=[5120, 24320] discarded=0
drain-tick seq=12 dt_us=53287 n=5120 occ_min=5120 occ_max=24320 occ=[5120, 24320] discarded=0
drain-tick seq=13 dt_us=53336 n=5120 occ_min=5120 occ_max=24320 occ=[5120, 24320] discarded=0
drain-tick seq=14 dt_us=53375 n=5120 occ_min=5120 occ_max=24320 occ=[5120, 24320] discarded=0
drain-tick seq=15 dt_us=53244 n=5120 occ_min=5120 occ_max=24320 occ=[5120, 24320] discarded=0
drain-tick seq=16 dt_us=53387 n=5120 occ_min=5120 occ_max=24320 occ=[5120, 24320] discarded=0
drain-tick seq=17 dt_us=53377 n=5120 occ_min=5120 occ_max=24320 occ=[5120, 24320] discarded=0
drain-tick seq=18 dt_us=53235 n=5120 occ_min=5120 occ_max=24320 occ=[5120, 24320] discarded=0
drain-tick seq=19 dt_us=53378 n=5120 occ_min=5120 occ_max=24320 occ=[5120, 24320] discarded=0
drain-tick seq=20 dt_us=53396 n=5120 occ_min=5120 occ_max=24320 occ=[5120, 24320] discarded=0
drain-window sr=96000 ticks=19 elapsed_s=1.0134 samples=97280 rate=0.9999x mean_dt_us=53337 n_min=5120 n_max=5120 occ_max=24320 zero_ticks=0 max_zero_run=0 max_zero_run_s=0.000 session_ticks=19 session_elapsed_s=1.013 session_rate=0.9999x
drain-tick seq=21 dt_us=53244 n=5120 occ_min=5120 occ_max=24320 occ=[5120, 24320] discarded=0
drain-tick seq=22 dt_us=53358 n=5120 occ_min=5120 occ_max=24320 occ=[5120, 24320] discarded=0
drain-tick seq=23 dt_us=53371 n=5120 occ_min=5120 occ_max=24320 occ=[5120, 24320] discarded=0
drain-tick seq=24 dt_us=53255 n=5120 occ_min=5120 occ_max=24320 occ=[5120, 24320] discarded=0
drain-tick seq=25 dt_us=53369 n=5120 occ_min=5120 occ_max=24320 occ=[5120, 24320] discarded=0
drain-tick seq=26 dt_us=53382 n=5120 occ_min=5120 occ_max=24320 occ=[5120, 24320] discarded=0
drain-tick seq=27 dt_us=53252 n=5120 occ_min=5120 occ_max=24320 occ=[5120, 24320] discarded=0
drain-tick seq=28 dt_us=53374 n=5120 occ_min=5120 occ_max=24320 occ=[5120, 24320] discarded=0
drain-tick seq=29 dt_us=53386 n=5120 occ_min=5120 occ_max=24320 occ=[5120, 24320] discarded=0
drain-tick seq=30 dt_us=53236 n=5120 occ_min=5120 occ_max=24320 occ=[5120, 24320] discarded=0
drain-tick seq=31 dt_us=53376 n=5120 occ_min=5120 occ_max=24320 occ=[5120, 24320] discarded=0
drain-tick seq=32 dt_us=53434 n=5120 occ_min=5120 occ_max=24320 occ=[5120, 24320] discarded=0
drain-tick seq=33 dt_us=53198 n=5120 occ_min=5120 occ_max=24320 occ=[5120, 24320] discarded=0
drain-tick seq=34 dt_us=53373 n=5120 occ_min=5120 occ_max=24320 occ=[5120, 24320] discarded=0
drain-tick seq=35 dt_us=53370 n=5120 occ_min=5120 occ_max=24320 occ=[5120, 24320] discarded=0
drain-tick seq=36 dt_us=53270 n=5120 occ_min=5120 occ_max=24320 occ=[5120, 24320] discarded=0
drain-tick seq=37 dt_us=53358 n=5120 occ_min=5120 occ_max=24320 occ=[5120, 24320] discarded=0
drain-tick seq=38 dt_us=53253 n=5120 occ_min=5120 occ_max=24320 occ=[5120, 24320] discarded=0
drain-tick seq=39 dt_us=53377 n=5120 occ_min=5120 occ_max=24320 occ=[5120, 24320] discarded=0
drain-window sr=96000 ticks=19 elapsed_s=1.0132 samples=97280 rate=1.0001x mean_dt_us=53329 n_min=5120 n_max=5120 occ_max=24320 zero_ticks=0 max_zero_run=0 max_zero_run_s=0.000 session_ticks=38 session_elapsed_s=2.027 session_rate=1.0000x
drain-tick seq=40 dt_us=53369 n=5120 occ_min=5120 occ_max=24320 occ=[5120, 24320] discarded=0
drain-tick seq=41 dt_us=53242 n=5120 occ_min=5120 occ_max=24320 occ=[5120, 24320] discarded=0
drain-tick seq=42 dt_us=53390 n=5120 occ_min=5120 occ_max=24320 occ=[5120, 24320] discarded=0
drain-tick seq=43 dt_us=53378 n=5120 occ_min=5120 occ_max=24320 occ=[5120, 24320] discarded=0
drain-tick seq=44 dt_us=53249 n=5120 occ_min=5120 occ_max=24320 occ=[5120, 24320] discarded=0
drain-tick seq=45 dt_us=53367 n=5120 occ_min=5120 occ_max=24320 occ=[5120, 24320] discarded=0
drain-tick seq=46 dt_us=53370 n=5120 occ_min=5120 occ_max=24320 occ=[5120, 24320] discarded=0
drain-tick seq=47 dt_us=53244 n=5120 occ_min=5120 occ_max=24320 occ=[5120, 24320] discarded=0
drain-tick seq=48 dt_us=53378 n=5120 occ_min=5120 occ_max=24320 occ=[5120, 24320] discarded=0
drain-tick seq=49 dt_us=53382 n=5120 occ_min=5120 occ_max=24320 occ=[5120, 24320] discarded=0
drain-tick seq=50 dt_us=53275 n=5120 occ_min=5120 occ_max=24320 occ=[5120, 24320] discarded=0
drain-tick seq=51 dt_us=53352 n=5120 occ_min=5120 occ_max=24320 occ=[5120, 24320] discarded=0
drain-tick seq=52 dt_us=53390 n=5120 occ_min=5120 occ_max=24320 occ=[5120, 24320] discarded=0
drain-tick seq=53 dt_us=53232 n=5120 occ_min=5120 occ_max=24320 occ=[5120, 24320] discarded=0
drain-tick seq=54 dt_us=53379 n=5120 occ_min=5120 occ_max=24320 occ=[5120, 24320] discarded=0
drain-tick seq=55 dt_us=53376 n=5120 occ_min=5120 occ_max=24320 occ=[5120, 24320] discarded=0
drain-tick seq=56 dt_us=53253 n=5120 occ_min=5120 occ_max=24320 occ=[5120, 24320] discarded=0
drain-tick seq=57 dt_us=53364 n=5120 occ_min=5120 occ_max=24320 occ=[5120, 24320] discarded=0
drain-tick seq=58 dt_us=53385 n=5120 occ_min=5120 occ_max=24320 occ=[5120, 24320] discarded=0
drain-window sr=96000 ticks=19 elapsed_s=1.0134 samples=97280 rate=0.9999x mean_dt_us=53336 n_min=5120 n_max=5120 occ_max=24320 zero_ticks=0 max_zero_run=0 max_zero_run_s=0.000 session_ticks=57 session_elapsed_s=3.040 session_rate=1.0000x
drain-tick seq=59 dt_us=53284 n=5120 occ_min=5120 occ_max=24320 occ=[5120, 24320] discarded=0
drain-tick seq=60 dt_us=53341 n=5120 occ_min=5120 occ_max=24320 occ=[5120, 24320] discarded=0
drain-tick seq=61 dt_us=53366 n=5120 occ_min=5120 occ_max=24320 occ=[5120, 24320] discarded=0
drain-tick seq=62 dt_us=53254 n=5120 occ_min=5120 occ_max=24320 occ=[5120, 24320] discarded=0
drain-tick seq=63 dt_us=53369 n=5120 occ_min=5120 occ_max=24320 occ=[5120, 24320] discarded=0
drain-tick seq=64 dt_us=53386 n=5120 occ_min=5120 occ_max=24320 occ=[5120, 24320] discarded=0
drain-tick seq=65 dt_us=53252 n=5120 occ_min=5120 occ_max=24320 occ=[5120, 24320] discarded=0
drain-tick seq=66 dt_us=53378 n=5120 occ_min=5120 occ_max=24320 occ=[5120, 24320] discarded=0
drain-tick seq=67 dt_us=53359 n=5120 occ_min=5120 occ_max=24320 occ=[5120, 24320] discarded=0
drain-tick seq=68 dt_us=53256 n=5120 occ_min=5120 occ_max=24320 occ=[5120, 24320] discarded=0
drain-tick seq=69 dt_us=53371 n=5120 occ_min=5120 occ_max=24320 occ=[5120, 24320] discarded=0
drain-tick seq=70 dt_us=53384 n=5120 occ_min=5120 occ_max=24320 occ=[5120, 24320] discarded=0
drain-tick seq=71 dt_us=53245 n=5120 occ_min=5120 occ_max=24320 occ=[5120, 24320] discarded=0
drain-tick seq=72 dt_us=53381 n=5120 occ_min=5120 occ_max=24320 occ=[5120, 24320] discarded=0
drain-tick seq=73 dt_us=53378 n=5120 occ_min=5120 occ_max=24320 occ=[5120, 24320] discarded=0
drain-tick seq=74 dt_us=53243 n=5120 occ_min=5120 occ_max=24320 occ=[5120, 24320] discarded=0
drain-tick seq=75 dt_us=53373 n=5120 occ_min=5120 occ_max=24320 occ=[5120, 24320] discarded=0
drain-tick seq=76 dt_us=53383 n=5120 occ_min=5120 occ_max=24320 occ=[5120, 24320] discarded=0
drain-tick seq=77 dt_us=53246 n=5120 occ_min=5120 occ_max=24320 occ=[5120, 24320] discarded=0
drain-window sr=96000 ticks=19 elapsed_s=1.0133 samples=97280 rate=1.0001x mean_dt_us=53329 n_min=5120 n_max=5120 occ_max=24320 zero_ticks=0 max_zero_run=0 max_zero_run_s=0.000 session_ticks=76 session_elapsed_s=4.053 session_rate=1.0000x
drain-tick seq=78 dt_us=53368 n=5120 occ_min=5120 occ_max=24320 occ=[5120, 24320] discarded=0
drain-tick seq=79 dt_us=53386 n=5120 occ_min=5120 occ_max=24320 occ=[5120, 24320] discarded=0
drain-tick seq=80 dt_us=53244 n=5120 occ_min=5120 occ_max=24320 occ=[5120, 24320] discarded=0
drain-tick seq=81 dt_us=53390 n=5120 occ_min=5120 occ_max=24320 occ=[5120, 24320] discarded=0
drain-tick seq=82 dt_us=53363 n=5120 occ_min=5120 occ_max=24320 occ=[5120, 24320] discarded=0
drain-tick seq=83 dt_us=53242 n=5120 occ_min=5120 occ_max=24320 occ=[5120, 24320] discarded=0
drain-tick seq=84 dt_us=53376 n=5120 occ_min=5120 occ_max=24320 occ=[5120, 24320] discarded=0
drain-tick seq=85 dt_us=53373 n=5120 occ_min=5120 occ_max=24320 occ=[5120, 24320] discarded=0
drain-tick seq=86 dt_us=53256 n=5120 occ_min=5120 occ_max=24320 occ=[5120, 24320] discarded=0
drain-tick seq=87 dt_us=53398 n=5120 occ_min=5120 occ_max=24320 occ=[5120, 24320] discarded=0
drain-tick seq=88 dt_us=53373 n=5120 occ_min=5120 occ_max=24320 occ=[5120, 24320] discarded=0
drain-tick seq=89 dt_us=53240 n=5120 occ_min=5120 occ_max=24320 occ=[5120, 24320] discarded=0
drain-tick seq=90 dt_us=53374 n=5120 occ_min=5120 occ_max=24320 occ=[5120, 24320] discarded=0
drain-tick seq=91 dt_us=53368 n=5120 occ_min=5120 occ_max=24320 occ=[5120, 24320] discarded=0
drain-tick seq=92 dt_us=53246 n=5120 occ_min=5120 occ_max=24320 occ=[5120, 24320] discarded=0
drain-tick seq=93 dt_us=53372 n=5120 occ_min=5120 occ_max=24320 occ=[5120, 24320] discarded=0
drain-tick seq=94 dt_us=53377 n=5120 occ_min=5120 occ_max=24320 occ=[5120, 24320] discarded=0
drain-tick seq=95 dt_us=53254 n=5120 occ_min=5120 occ_max=24320 occ=[5120, 24320] discarded=0
drain-tick seq=96 dt_us=53372 n=5120 occ_min=5120 occ_max=24320 occ=[5120, 24320] discarded=0
drain-window sr=96000 ticks=19 elapsed_s=1.0134 samples=97280 rate=1.0000x mean_dt_us=53336 n_min=5120 n_max=5120 occ_max=24320 zero_ticks=0 max_zero_run=0 max_zero_run_s=0.000 session_ticks=95 session_elapsed_s=5.067 session_rate=1.0000x
drain-tick seq=97 dt_us=53375 n=5120 occ_min=5120 occ_max=24320 occ=[5120, 24320] discarded=0
drain-tick seq=98 dt_us=53262 n=5120 occ_min=5120 occ_max=24320 occ=[5120, 24320] discarded=0
drain-tick seq=99 dt_us=53369 n=5120 occ_min=5120 occ_max=24320 occ=[5120, 24320] discarded=0
drain-tick seq=100 dt_us=53382 n=5120 occ_min=5120 occ_max=24320 occ=[5120, 24320] discarded=0
drain-tick seq=101 dt_us=53247 n=5120 occ_min=5120 occ_max=24320 occ=[5120, 24320] discarded=0
drain-tick seq=102 dt_us=53373 n=5120 occ_min=5120 occ_max=24320 occ=[5120, 24320] discarded=0
drain-tick seq=103 dt_us=53362 n=5120 occ_min=5120 occ_max=24320 occ=[5120, 24320] discarded=0
drain-tick seq=104 dt_us=53258 n=5120 occ_min=5120 occ_max=24320 occ=[5120, 24320] discarded=0
drain-tick seq=105 dt_us=53372 n=5120 occ_min=5120 occ_max=24320 occ=[5120, 24320] discarded=0
drain-tick seq=106 dt_us=53387 n=5120 occ_min=5120 occ_max=24320 occ=[5120, 24320] discarded=0
drain-tick seq=107 dt_us=53262 n=5120 occ_min=5120 occ_max=24320 occ=[5120, 24320] discarded=0
drain-tick seq=108 dt_us=53346 n=5120 occ_min=5120 occ_max=24320 occ=[5120, 24320] discarded=0
drain-tick seq=109 dt_us=53407 n=5120 occ_min=5120 occ_max=24320 occ=[5120, 24320] discarded=0
drain-tick seq=110 dt_us=53219 n=5120 occ_min=5120 occ_max=24320 occ=[5120, 24320] discarded=0
drain-tick seq=111 dt_us=53380 n=5120 occ_min=5120 occ_max=24320 occ=[5120, 24320] discarded=0
drain-tick seq=112 dt_us=53373 n=5120 occ_min=5120 occ_max=24320 occ=[5120, 24320] discarded=0
drain-tick seq=113 dt_us=53261 n=5120 occ_min=5120 occ_max=24320 occ=[5120, 24320] discarded=0
drain-tick seq=114 dt_us=53367 n=5120 occ_min=5120 occ_max=24320 occ=[5120, 24320] discarded=0
drain-tick seq=115 dt_us=53367 n=5120 occ_min=5120 occ_max=24320 occ=[5120, 24320] discarded=0
drain-window sr=96000 ticks=19 elapsed_s=1.0134 samples=97280 rate=1.0000x mean_dt_us=53336 n_min=5120 n_max=5120 occ_max=24320 zero_ticks=0 max_zero_run=0 max_zero_run_s=0.000 session_ticks=114 session_elapsed_s=6.080 session_rate=1.0000x
drain-tick seq=116 dt_us=53251 n=5120 occ_min=5120 occ_max=24320 occ=[5120, 24320] discarded=0
drain-tick seq=117 dt_us=53381 n=5120 occ_min=5120 occ_max=24320 occ=[5120, 24320] discarded=0
drain-tick seq=118 dt_us=53373 n=5120 occ_min=5120 occ_max=24320 occ=[5120, 24320] discarded=0
drain-tick seq=119 dt_us=53245 n=5120 occ_min=5120 occ_max=24320 occ=[5120, 24320] discarded=0
drain-tick seq=120 dt_us=53380 n=5120 occ_min=5120 occ_max=24320 occ=[5120, 24320] discarded=0
drain-tick seq=121 dt_us=53381 n=5120 occ_min=5120 occ_max=24320 occ=[5120, 24320] discarded=0
drain-tick seq=122 dt_us=53237 n=5120 occ_min=5120 occ_max=24320 occ=[5120, 24320] discarded=0
drain-tick seq=123 dt_us=53375 n=5120 occ_min=5120 occ_max=24320 occ=[5120, 24320] discarded=0
drain-tick seq=124 dt_us=53390 n=5120 occ_min=5120 occ_max=24320 occ=[5120, 24320] discarded=0
drain-tick seq=125 dt_us=53245 n=5120 occ_min=5120 occ_max=24320 occ=[5120, 24320] discarded=0
drain-tick seq=126 dt_us=53365 n=5120 occ_min=5120 occ_max=24320 occ=[5120, 24320] discarded=0
drain-tick seq=127 dt_us=53256 n=5120 occ_min=5120 occ_max=24320 occ=[5120, 24320] discarded=0
drain-tick seq=128 dt_us=53384 n=5120 occ_min=5120 occ_max=24320 occ=[5120, 24320] discarded=0
drain-tick seq=129 dt_us=53364 n=5120 occ_min=5120 occ_max=24320 occ=[5120, 24320] discarded=0
drain-tick seq=130 dt_us=53247 n=5120 occ_min=5120 occ_max=24320 occ=[5120, 24320] discarded=0
drain-tick seq=131 dt_us=53382 n=5120 occ_min=5120 occ_max=24320 occ=[5120, 24320] discarded=0
drain-tick seq=132 dt_us=53375 n=5120 occ_min=5120 occ_max=24320 occ=[5120, 24320] discarded=0
drain-tick seq=133 dt_us=53236 n=5120 occ_min=5120 occ_max=24320 occ=[5120, 24320] discarded=0
drain-tick seq=134 dt_us=53388 n=5120 occ_min=5120 occ_max=24320 occ=[5120, 24320] discarded=0
drain-window sr=96000 ticks=19 elapsed_s=1.0133 samples=97280 rate=1.0001x mean_dt_us=53330 n_min=5120 n_max=5120 occ_max=24320 zero_ticks=0 max_zero_run=0 max_zero_run_s=0.000 session_ticks=133 session_elapsed_s=7.093 session_rate=1.0000x
drain-tick seq=135 dt_us=53381 n=5120 occ_min=5120 occ_max=24320 occ=[5120, 24320] discarded=0
drain-tick seq=136 dt_us=53238 n=5120 occ_min=5120 occ_max=24320 occ=[5120, 24320] discarded=0
drain-tick seq=137 dt_us=53390 n=5120 occ_min=5120 occ_max=24320 occ=[5120, 24320] discarded=0
drain-tick seq=138 dt_us=53376 n=5120 occ_min=5120 occ_max=24320 occ=[5120, 24320] discarded=0
drain-tick seq=139 dt_us=53234 n=5120 occ_min=5120 occ_max=24320 occ=[5120, 24320] discarded=0
drain-tick seq=140 dt_us=53395 n=5120 occ_min=5120 occ_max=24320 occ=[5120, 24320] discarded=0
drain-tick seq=141 dt_us=53361 n=5120 occ_min=5120 occ_max=24320 occ=[5120, 24320] discarded=0
drain-tick seq=142 dt_us=53250 n=5120 occ_min=5120 occ_max=24320 occ=[5120, 24320] discarded=0
drain-tick seq=143 dt_us=53397 n=5120 occ_min=5120 occ_max=24320 occ=[5120, 24320] discarded=0
drain-tick seq=144 dt_us=53373 n=5120 occ_min=5120 occ_max=24320 occ=[5120, 24320] discarded=0
drain-tick seq=145 dt_us=53231 n=5120 occ_min=5120 occ_max=24320 occ=[5120, 24320] discarded=0
drain-tick seq=146 dt_us=53365 n=5120 occ_min=5120 occ_max=24320 occ=[5120, 24320] discarded=0
drain-tick seq=147 dt_us=53396 n=5120 occ_min=5120 occ_max=24320 occ=[5120, 24320] discarded=0
drain-tick seq=148 dt_us=53233 n=5120 occ_min=5120 occ_max=24320 occ=[5120, 24320] discarded=0
drain-tick seq=149 dt_us=53371 n=5120 occ_min=5120 occ_max=24320 occ=[5120, 24320] discarded=0
drain-tick seq=150 dt_us=53381 n=5120 occ_min=5120 occ_max=24320 occ=[5120, 24320] discarded=0
drain-tick seq=151 dt_us=53247 n=5120 occ_min=5120 occ_max=24320 occ=[5120, 24320] discarded=0
drain-tick seq=152 dt_us=53378 n=5120 occ_min=5120 occ_max=24320 occ=[5120, 24320] discarded=0
drain-tick seq=153 dt_us=53371 n=5120 occ_min=5120 occ_max=24320 occ=[5120, 24320] discarded=0
drain-window sr=96000 ticks=19 elapsed_s=1.0134 samples=97280 rate=1.0000x mean_dt_us=53336 n_min=5120 n_max=5120 occ_max=24320 zero_ticks=0 max_zero_run=0 max_zero_run_s=0.000 session_ticks=152 session_elapsed_s=8.107 session_rate=1.0000x
drain-tick seq=154 dt_us=53251 n=5120 occ_min=5120 occ_max=24320 occ=[5120, 24320] discarded=0
drain-tick seq=155 dt_us=53377 n=5120 occ_min=5120 occ_max=24320 occ=[5120, 24320] discarded=0
drain-tick seq=156 dt_us=53390 n=5120 occ_min=5120 occ_max=24320 occ=[5120, 24320] discarded=0
drain-tick seq=157 dt_us=53235 n=5120 occ_min=5120 occ_max=24320 occ=[5120, 24320] discarded=0
drain-tick seq=158 dt_us=53377 n=5120 occ_min=5120 occ_max=24320 occ=[5120, 24320] discarded=0
drain-tick seq=159 dt_us=53367 n=5120 occ_min=5120 occ_max=24320 occ=[5120, 24320] discarded=0
drain-tick seq=160 dt_us=53253 n=5120 occ_min=5120 occ_max=24320 occ=[5120, 24320] discarded=0
drain-tick seq=161 dt_us=53373 n=5120 occ_min=5120 occ_max=24320 occ=[5120, 24320] discarded=0
drain-tick seq=162 dt_us=53413 n=5120 occ_min=5120 occ_max=24320 occ=[5120, 24320] discarded=0
drain-tick seq=163 dt_us=53219 n=5120 occ_min=5120 occ_max=24320 occ=[5120, 24320] discarded=0
drain-tick seq=164 dt_us=53371 n=5120 occ_min=5120 occ_max=24320 occ=[5120, 24320] discarded=0
drain-tick seq=165 dt_us=53399 n=5120 occ_min=5120 occ_max=24320 occ=[5120, 24320] discarded=0
drain-tick seq=166 dt_us=53232 n=5120 occ_min=5120 occ_max=24320 occ=[5120, 24320] discarded=0
drain-tick seq=167 dt_us=53374 n=5120 occ_min=5120 occ_max=24320 occ=[5120, 24320] discarded=0
drain-tick seq=168 dt_us=53367 n=5120 occ_min=5120 occ_max=24320 occ=[5120, 24320] discarded=0
drain-tick seq=169 dt_us=53248 n=5120 occ_min=5120 occ_max=24320 occ=[5120, 24320] discarded=0
drain-tick seq=170 dt_us=53390 n=5120 occ_min=5120 occ_max=24320 occ=[5120, 24320] discarded=0
drain-tick seq=171 dt_us=53370 n=5120 occ_min=5120 occ_max=24320 occ=[5120, 24320] discarded=0
drain-tick seq=172 dt_us=53241 n=5120 occ_min=5120 occ_max=24320 occ=[5120, 24320] discarded=0
drain-window sr=96000 ticks=19 elapsed_s=1.0133 samples=97280 rate=1.0001x mean_dt_us=53329 n_min=5120 n_max=5120 occ_max=24320 zero_ticks=0 max_zero_run=0 max_zero_run_s=0.000 session_ticks=171 session_elapsed_s=9.120 session_rate=1.0000x
drain-tick seq=173 dt_us=53378 n=5120 occ_min=5120 occ_max=24320 occ=[5120, 24320] discarded=0
drain-tick seq=174 dt_us=53378 n=5120 occ_min=5120 occ_max=24320 occ=[5120, 24320] discarded=0
drain-tick seq=175 dt_us=53267 n=5120 occ_min=5120 occ_max=24320 occ=[5120, 24320] discarded=0
drain-tick seq=176 dt_us=53369 n=5120 occ_min=5120 occ_max=24320 occ=[5120, 24320] discarded=0
drain-tick seq=177 dt_us=53364 n=5120 occ_min=5120 occ_max=24320 occ=[5120, 24320] discarded=0
drain-tick seq=178 dt_us=53252 n=5120 occ_min=5120 occ_max=24320 occ=[5120, 24320] discarded=0
drain-tick seq=179 dt_us=53367 n=5120 occ_min=5120 occ_max=24320 occ=[5120, 24320] discarded=0
drain-tick seq=180 dt_us=53378 n=5120 occ_min=5120 occ_max=24320 occ=[5120, 24320] discarded=0
drain-tick seq=181 dt_us=53266 n=5120 occ_min=5120 occ_max=24320 occ=[5120, 24320] discarded=0
drain-tick seq=182 dt_us=53363 n=5120 occ_min=5120 occ_max=24320 occ=[5120, 24320] discarded=0
drain-tick seq=183 dt_us=53378 n=5120 occ_min=5120 occ_max=24320 occ=[5120, 24320] discarded=0
drain-tick seq=184 dt_us=53287 n=5120 occ_min=5120 occ_max=24320 occ=[5120, 24320] discarded=0
drain-tick seq=185 dt_us=53351 n=5120 occ_min=5120 occ_max=24320 occ=[5120, 24320] discarded=0
drain-tick seq=186 dt_us=53372 n=5120 occ_min=5120 occ_max=24320 occ=[5120, 24320] discarded=0
drain-tick seq=187 dt_us=53241 n=5120 occ_min=5120 occ_max=24320 occ=[5120, 24320] discarded=0
drain-tick seq=188 dt_us=53368 n=5120 occ_min=5120 occ_max=24320 occ=[5120, 24320] discarded=0
drain-tick seq=189 dt_us=53381 n=5120 occ_min=5120 occ_max=24320 occ=[5120, 24320] discarded=0
drain-tick seq=190 dt_us=53251 n=5120 occ_min=5120 occ_max=24320 occ=[5120, 24320] discarded=0
drain-tick seq=191 dt_us=53388 n=5120 occ_min=5120 occ_max=24320 occ=[5120, 24320] discarded=0
drain-window sr=96000 ticks=19 elapsed_s=1.0134 samples=97280 rate=0.9999x mean_dt_us=53337 n_min=5120 n_max=5120 occ_max=24320 zero_ticks=0 max_zero_run=0 max_zero_run_s=0.000 session_ticks=190 session_elapsed_s=10.133 session_rate=1.0000x
drain-tick seq=192 dt_us=53359 n=5120 occ_min=5120 occ_max=24320 occ=[5120, 24320] discarded=0
drain-tick seq=193 dt_us=53267 n=5120 occ_min=5120 occ_max=24320 occ=[5120, 24320] discarded=0
drain-tick seq=194 dt_us=53353 n=5120 occ_min=5120 occ_max=24320 occ=[5120, 24320] discarded=0
drain-tick seq=195 dt_us=53375 n=5120 occ_min=5120 occ_max=24320 occ=[5120, 24320] discarded=0
drain-tick seq=196 dt_us=53264 n=5120 occ_min=5120 occ_max=24320 occ=[5120, 24320] discarded=0
drain-tick seq=197 dt_us=53366 n=5120 occ_min=5120 occ_max=24320 occ=[5120, 24320] discarded=0
drain-tick seq=198 dt_us=53379 n=5120 occ_min=5120 occ_max=24320 occ=[5120, 24320] discarded=0
drain-tick seq=199 dt_us=53260 n=5120 occ_min=5120 occ_max=24320 occ=[5120, 24320] discarded=0
drain-tick seq=200 dt_us=53363 n=5120 occ_min=5120 occ_max=24320 occ=[5120, 24320] discarded=0
drain-tick seq=201 dt_us=53372 n=5120 occ_min=5120 occ_max=24320 occ=[5120, 24320] discarded=0
drain-tick seq=202 dt_us=53279 n=5120 occ_min=5120 occ_max=24320 occ=[5120, 24320] discarded=0
drain-tick seq=203 dt_us=53361 n=5120 occ_min=5120 occ_max=24320 occ=[5120, 24320] discarded=0
drain-tick seq=204 dt_us=53371 n=5120 occ_min=5120 occ_max=24320 occ=[5120, 24320] discarded=0
drain-tick seq=205 dt_us=53248 n=5120 occ_min=5120 occ_max=24320 occ=[5120, 24320] discarded=0
drain-tick seq=206 dt_us=53377 n=5120 occ_min=5120 occ_max=24320 occ=[5120, 24320] discarded=0
drain-tick seq=207 dt_us=53364 n=5120 occ_min=5120 occ_max=24320 occ=[5120, 24320] discarded=0
drain-tick seq=208 dt_us=53270 n=5120 occ_min=5120 occ_max=24320 occ=[5120, 24320] discarded=0
drain-tick seq=209 dt_us=53375 n=5120 occ_min=5120 occ_max=24320 occ=[5120, 24320] discarded=0
drain-tick seq=210 dt_us=53356 n=5120 occ_min=5120 occ_max=24320 occ=[5120, 24320] discarded=0
drain-window sr=96000 ticks=19 elapsed_s=1.0134 samples=97280 rate=1.0000x mean_dt_us=53335 n_min=5120 n_max=5120 occ_max=24320 zero_ticks=0 max_zero_run=0 max_zero_run_s=0.000 session_ticks=209 session_elapsed_s=11.147 session_rate=1.0000x
drain-tick seq=211 dt_us=53253 n=5120 occ_min=5120 occ_max=24320 occ=[5120, 24320] discarded=0
drain-tick seq=212 dt_us=53382 n=5120 occ_min=5120 occ_max=24320 occ=[5120, 24320] discarded=0
drain-tick seq=213 dt_us=53254 n=5120 occ_min=5120 occ_max=24320 occ=[5120, 24320] discarded=0
drain-tick seq=214 dt_us=53381 n=5120 occ_min=5120 occ_max=24320 occ=[5120, 24320] discarded=0
drain-tick seq=215 dt_us=53360 n=5120 occ_min=5120 occ_max=24320 occ=[5120, 24320] discarded=0
drain-tick seq=216 dt_us=53257 n=5120 occ_min=5120 occ_max=24320 occ=[5120, 24320] discarded=0
drain-tick seq=217 dt_us=53364 n=5120 occ_min=5120 occ_max=24320 occ=[5120, 24320] discarded=0
drain-tick seq=218 dt_us=53385 n=5120 occ_min=5120 occ_max=24320 occ=[5120, 24320] discarded=0
drain-tick seq=219 dt_us=53248 n=5120 occ_min=5120 occ_max=24320 occ=[5120, 24320] discarded=0
drain-tick seq=220 dt_us=53373 n=5120 occ_min=5120 occ_max=24320 occ=[5120, 24320] discarded=0
drain-tick seq=221 dt_us=53369 n=5120 occ_min=5120 occ_max=24320 occ=[5120, 24320] discarded=0
drain-tick seq=222 dt_us=53265 n=5120 occ_min=5120 occ_max=24320 occ=[5120, 24320] discarded=0
drain-tick seq=223 dt_us=53360 n=5120 occ_min=5120 occ_max=24320 occ=[5120, 24320] discarded=0
drain-tick seq=224 dt_us=53387 n=5120 occ_min=5120 occ_max=24320 occ=[5120, 24320] discarded=0
drain-tick seq=225 dt_us=53235 n=5120 occ_min=5120 occ_max=24320 occ=[5120, 24320] discarded=0
drain-tick seq=226 dt_us=53384 n=5120 occ_min=5120 occ_max=24320 occ=[5120, 24320] discarded=0
drain-tick seq=227 dt_us=53399 n=5120 occ_min=5120 occ_max=24320 occ=[5120, 24320] discarded=0
drain-tick seq=228 dt_us=53232 n=5120 occ_min=5120 occ_max=24320 occ=[5120, 24320] discarded=0
drain-tick seq=229 dt_us=53365 n=5120 occ_min=5120 occ_max=24320 occ=[5120, 24320] discarded=0
drain-window sr=96000 ticks=19 elapsed_s=1.0133 samples=97280 rate=1.0001x mean_dt_us=53330 n_min=5120 n_max=5120 occ_max=24320 zero_ticks=0 max_zero_run=0 max_zero_run_s=0.000 session_ticks=228 session_elapsed_s=12.160 session_rate=1.0000x
drain-tick seq=230 dt_us=53377 n=5120 occ_min=5120 occ_max=24320 occ=[5120, 24320] discarded=0
drain-tick seq=231 dt_us=53249 n=5120 occ_min=5120 occ_max=24320 occ=[5120, 24320] discarded=0
drain-tick seq=232 dt_us=53378 n=5120 occ_min=5120 occ_max=24320 occ=[5120, 24320] discarded=0
drain-tick seq=233 dt_us=53379 n=5120 occ_min=5120 occ_max=24320 occ=[5120, 24320] discarded=0
drain-tick seq=234 dt_us=53239 n=5120 occ_min=5120 occ_max=24320 occ=[5120, 24320] discarded=0
drain-tick seq=235 dt_us=53381 n=5120 occ_min=5120 occ_max=24320 occ=[5120, 24320] discarded=0
drain-tick seq=236 dt_us=53374 n=5120 occ_min=5120 occ_max=24320 occ=[5120, 24320] discarded=0
drain-tick seq=237 dt_us=53259 n=5120 occ_min=5120 occ_max=24320 occ=[5120, 24320] discarded=0
drain-tick seq=238 dt_us=53367 n=5120 occ_min=5120 occ_max=24320 occ=[5120, 24320] discarded=0
drain-tick seq=239 dt_us=53380 n=5120 occ_min=5120 occ_max=24320 occ=[5120, 24320] discarded=0
drain-tick seq=240 dt_us=53244 n=5120 occ_min=5120 occ_max=24320 occ=[5120, 24320] discarded=0
drain-tick seq=241 dt_us=53375 n=5120 occ_min=5120 occ_max=24320 occ=[5120, 24320] discarded=0
drain-tick seq=242 dt_us=53374 n=5120 occ_min=5120 occ_max=24320 occ=[5120, 24320] discarded=0
drain-tick seq=243 dt_us=53253 n=5120 occ_min=5120 occ_max=24320 occ=[5120, 24320] discarded=0
drain-tick seq=244 dt_us=53376 n=5120 occ_min=5120 occ_max=24320 occ=[5120, 24320] discarded=0
drain-tick seq=245 dt_us=53377 n=5120 occ_min=5120 occ_max=24320 occ=[5120, 24320] discarded=0
drain-tick seq=246 dt_us=53241 n=5120 occ_min=5120 occ_max=24320 occ=[5120, 24320] discarded=0
drain-tick seq=247 dt_us=53397 n=5120 occ_min=5120 occ_max=24320 occ=[5120, 24320] discarded=0
drain-tick seq=248 dt_us=53357 n=5120 occ_min=5120 occ_max=24320 occ=[5120, 24320] discarded=0
drain-window sr=96000 ticks=19 elapsed_s=1.0134 samples=97280 rate=0.9999x mean_dt_us=53336 n_min=5120 n_max=5120 occ_max=24320 zero_ticks=0 max_zero_run=0 max_zero_run_s=0.000 session_ticks=247 session_elapsed_s=13.173 session_rate=1.0000x
drain-tick seq=249 dt_us=53262 n=5120 occ_min=5120 occ_max=24320 occ=[5120, 24320] discarded=0
drain-tick seq=250 dt_us=53359 n=5120 occ_min=5120 occ_max=24320 occ=[5120, 24320] discarded=0
drain-tick seq=251 dt_us=53374 n=5120 occ_min=5120 occ_max=24320 occ=[5120, 24320] discarded=0
drain-tick seq=252 dt_us=53249 n=5120 occ_min=5120 occ_max=24320 occ=[5120, 24320] discarded=0
drain-tick seq=253 dt_us=53382 n=5120 occ_min=5120 occ_max=24320 occ=[5120, 24320] discarded=0
drain-tick seq=254 dt_us=53371 n=5120 occ_min=5120 occ_max=24320 occ=[5120, 24320] discarded=0
drain-tick seq=255 dt_us=53271 n=5120 occ_min=5120 occ_max=24320 occ=[5120, 24320] discarded=0
drain-tick seq=256 dt_us=53356 n=5120 occ_min=5120 occ_max=24320 occ=[5120, 24320] discarded=0
drain-tick seq=257 dt_us=53371 n=5120 occ_min=5120 occ_max=24320 occ=[5120, 24320] discarded=0
drain-tick seq=258 dt_us=53261 n=5120 occ_min=5120 occ_max=24320 occ=[5120, 24320] discarded=0
drain-tick seq=259 dt_us=53363 n=5120 occ_min=5120 occ_max=24320 occ=[5120, 24320] discarded=0
drain-tick seq=260 dt_us=53382 n=5120 occ_min=5120 occ_max=24320 occ=[5120, 24320] discarded=0
drain-tick seq=261 dt_us=53254 n=5120 occ_min=5120 occ_max=24320 occ=[5120, 24320] discarded=0
drain-tick seq=262 dt_us=53365 n=5120 occ_min=5120 occ_max=24320 occ=[5120, 24320] discarded=0
drain-tick seq=263 dt_us=53374 n=5120 occ_min=5120 occ_max=24320 occ=[5120, 24320] discarded=0
drain-tick seq=264 dt_us=53252 n=5120 occ_min=5120 occ_max=24320 occ=[5120, 24320] discarded=0
drain-tick seq=265 dt_us=53373 n=5120 occ_min=5120 occ_max=24320 occ=[5120, 24320] discarded=0
drain-tick seq=266 dt_us=53382 n=5120 occ_min=5120 occ_max=24320 occ=[5120, 24320] discarded=0
drain-tick seq=267 dt_us=53244 n=5120 occ_min=5120 occ_max=24320 occ=[5120, 24320] discarded=0
drain-window sr=96000 ticks=19 elapsed_s=1.0133 samples=97280 rate=1.0001x mean_dt_us=53329 n_min=5120 n_max=5120 occ_max=24320 zero_ticks=0 max_zero_run=0 max_zero_run_s=0.000 session_ticks=266 session_elapsed_s=14.187 session_rate=1.0000x
drain-tick seq=268 dt_us=53372 n=5120 occ_min=5120 occ_max=24320 occ=[5120, 24320] discarded=0
drain-tick seq=269 dt_us=53374 n=5120 occ_min=5120 occ_max=24320 occ=[5120, 24320] discarded=0
drain-tick seq=270 dt_us=53249 n=5120 occ_min=5120 occ_max=24320 occ=[5120, 24320] discarded=0
drain-tick seq=271 dt_us=53384 n=5120 occ_min=5120 occ_max=24320 occ=[5120, 24320] discarded=0
drain-tick seq=272 dt_us=53371 n=5120 occ_min=5120 occ_max=24320 occ=[5120, 24320] discarded=0
drain-tick seq=273 dt_us=53242 n=5120 occ_min=5120 occ_max=24320 occ=[5120, 24320] discarded=0
drain-tick seq=274 dt_us=53384 n=5120 occ_min=5120 occ_max=24320 occ=[5120, 24320] discarded=0
drain-tick seq=275 dt_us=53374 n=5120 occ_min=5120 occ_max=24320 occ=[5120, 24320] discarded=0
drain-tick seq=276 dt_us=53253 n=5120 occ_min=5120 occ_max=24320 occ=[5120, 24320] discarded=0
drain-tick seq=277 dt_us=53378 n=5120 occ_min=5120 occ_max=24320 occ=[5120, 24320] discarded=0
drain-tick seq=278 dt_us=53367 n=5120 occ_min=5120 occ_max=24320 occ=[5120, 24320] discarded=0
drain-tick seq=279 dt_us=53251 n=5120 occ_min=5120 occ_max=24320 occ=[5120, 24320] discarded=0
drain-tick seq=280 dt_us=53376 n=5120 occ_min=5120 occ_max=24320 occ=[5120, 24320] discarded=0
drain-tick seq=281 dt_us=53375 n=5120 occ_min=5120 occ_max=24320 occ=[5120, 24320] discarded=0
drain-tick seq=282 dt_us=53250 n=5120 occ_min=5120 occ_max=24320 occ=[5120, 24320] discarded=0
drain-tick seq=283 dt_us=53366 n=5120 occ_min=5120 occ_max=24320 occ=[5120, 24320] discarded=0
drain-tick seq=284 dt_us=53401 n=5120 occ_min=5120 occ_max=24320 occ=[5120, 24320] discarded=0
drain-tick seq=285 dt_us=53241 n=5120 occ_min=5120 occ_max=24320 occ=[5120, 24320] discarded=0
drain-tick seq=286 dt_us=53369 n=5120 occ_min=5120 occ_max=24320 occ=[5120, 24320] discarded=0
drain-window sr=96000 ticks=19 elapsed_s=1.0134 samples=97280 rate=0.9999x mean_dt_us=53336 n_min=5120 n_max=5120 occ_max=24320 zero_ticks=0 max_zero_run=0 max_zero_run_s=0.000 session_ticks=285 session_elapsed_s=15.200 session_rate=1.0000x
drain-tick seq=287 dt_us=53391 n=5120 occ_min=5120 occ_max=24320 occ=[5120, 24320] discarded=0
drain-tick seq=288 dt_us=53242 n=5120 occ_min=5120 occ_max=24320 occ=[5120, 24320] discarded=0
drain-tick seq=289 dt_us=53371 n=5120 occ_min=5120 occ_max=24320 occ=[5120, 24320] discarded=0
drain-tick seq=290 dt_us=53375 n=5120 occ_min=5120 occ_max=24320 occ=[5120, 24320] discarded=0
drain-tick seq=291 dt_us=53248 n=5120 occ_min=5120 occ_max=24320 occ=[5120, 24320] discarded=0
drain-tick seq=292 dt_us=53379 n=5120 occ_min=5120 occ_max=24320 occ=[5120, 24320] discarded=0
drain-tick seq=293 dt_us=53373 n=5120 occ_min=5120 occ_max=24320 occ=[5120, 24320] discarded=0
drain-tick seq=294 dt_us=53247 n=5120 occ_min=5120 occ_max=24320 occ=[5120, 24320] discarded=0
drain-tick seq=295 dt_us=53384 n=5120 occ_min=5120 occ_max=24320 occ=[5120, 24320] discarded=0
drain-tick seq=296 dt_us=53384 n=5120 occ_min=5120 occ_max=24320 occ=[5120, 24320] discarded=0
drain-tick seq=297 dt_us=53225 n=5120 occ_min=5120 occ_max=24320 occ=[5120, 24320] discarded=0
drain-tick seq=298 dt_us=53376 n=5120 occ_min=5120 occ_max=24320 occ=[5120, 24320] discarded=0
drain-tick seq=299 dt_us=53265 n=5120 occ_min=5120 occ_max=24320 occ=[5120, 24320] discarded=0
drain-tick seq=300 dt_us=53368 n=5120 occ_min=5120 occ_max=24320 occ=[5120, 24320] discarded=0
drain-tick seq=301 dt_us=53367 n=5120 occ_min=5120 occ_max=24320 occ=[5120, 24320] discarded=0
drain-tick seq=302 dt_us=53250 n=5120 occ_min=5120 occ_max=24320 occ=[5120, 24320] discarded=0
drain-tick seq=303 dt_us=53379 n=5120 occ_min=5120 occ_max=24320 occ=[5120, 24320] discarded=0
drain-tick seq=304 dt_us=53374 n=5120 occ_min=5120 occ_max=24320 occ=[5120, 24320] discarded=0
drain-tick seq=305 dt_us=53248 n=5120 occ_min=5120 occ_max=24320 occ=[5120, 24320] discarded=0
drain-window sr=96000 ticks=19 elapsed_s=1.0133 samples=97280 rate=1.0001x mean_dt_us=53329 n_min=5120 n_max=5120 occ_max=24320 zero_ticks=0 max_zero_run=0 max_zero_run_s=0.000 session_ticks=304 session_elapsed_s=16.213 session_rate=1.0000x
drain-tick seq=306 dt_us=53377 n=5120 occ_min=5120 occ_max=24320 occ=[5120, 24320] discarded=0
drain-tick seq=307 dt_us=53370 n=5120 occ_min=5120 occ_max=24320 occ=[5120, 24320] discarded=0
drain-tick seq=308 dt_us=53268 n=5120 occ_min=5120 occ_max=24320 occ=[5120, 24320] discarded=0
drain-tick seq=309 dt_us=53382 n=5120 occ_min=5120 occ_max=24320 occ=[5120, 24320] discarded=0
drain-tick seq=310 dt_us=53365 n=5120 occ_min=5120 occ_max=24320 occ=[5120, 24320] discarded=0
drain-tick seq=311 dt_us=53242 n=5120 occ_min=5120 occ_max=24320 occ=[5120, 24320] discarded=0
drain-tick seq=312 dt_us=53391 n=5120 occ_min=5120 occ_max=24320 occ=[5120, 24320] discarded=0
drain-tick seq=313 dt_us=53361 n=5120 occ_min=5120 occ_max=24320 occ=[5120, 24320] discarded=0
drain-tick seq=314 dt_us=53262 n=5120 occ_min=5120 occ_max=24320 occ=[5120, 24320] discarded=0
drain-tick seq=315 dt_us=53364 n=5120 occ_min=5120 occ_max=24320 occ=[5120, 24320] discarded=0
drain-tick seq=316 dt_us=53368 n=5120 occ_min=5120 occ_max=24320 occ=[5120, 24320] discarded=0
drain-tick seq=317 dt_us=53246 n=5120 occ_min=5120 occ_max=24320 occ=[5120, 24320] discarded=0
drain-tick seq=318 dt_us=53379 n=5120 occ_min=5120 occ_max=24320 occ=[5120, 24320] discarded=0
drain-tick seq=319 dt_us=53384 n=5120 occ_min=5120 occ_max=24320 occ=[5120, 24320] discarded=0
drain-tick seq=320 dt_us=53231 n=5120 occ_min=5120 occ_max=24320 occ=[5120, 24320] discarded=0
drain-tick seq=321 dt_us=53386 n=5120 occ_min=5120 occ_max=24320 occ=[5120, 24320] discarded=0
drain-tick seq=322 dt_us=53375 n=5120 occ_min=5120 occ_max=24320 occ=[5120, 24320] discarded=0
drain-tick seq=323 dt_us=53251 n=5120 occ_min=5120 occ_max=24320 occ=[5120, 24320] discarded=0
drain-tick seq=324 dt_us=53372 n=5120 occ_min=5120 occ_max=24320 occ=[5120, 24320] discarded=0
drain-window sr=96000 ticks=19 elapsed_s=1.0134 samples=97280 rate=0.9999x mean_dt_us=53336 n_min=5120 n_max=5120 occ_max=24320 zero_ticks=0 max_zero_run=0 max_zero_run_s=0.000 session_ticks=323 session_elapsed_s=17.227 session_rate=1.0000x
drain-tick seq=325 dt_us=53373 n=5120 occ_min=5120 occ_max=24320 occ=[5120, 24320] discarded=0
drain-tick seq=326 dt_us=53267 n=5120 occ_min=5120 occ_max=24320 occ=[5120, 24320] discarded=0
drain-tick seq=327 dt_us=53366 n=5120 occ_min=5120 occ_max=24320 occ=[5120, 24320] discarded=0
drain-tick seq=328 dt_us=53370 n=5120 occ_min=5120 occ_max=24320 occ=[5120, 24320] discarded=0
drain-tick seq=329 dt_us=53256 n=5120 occ_min=5120 occ_max=24320 occ=[5120, 24320] discarded=0
drain-tick seq=330 dt_us=53367 n=5120 occ_min=5120 occ_max=24320 occ=[5120, 24320] discarded=0
drain-tick seq=331 dt_us=53382 n=5120 occ_min=5120 occ_max=24320 occ=[5120, 24320] discarded=0
drain-tick seq=332 dt_us=53247 n=5120 occ_min=5120 occ_max=24320 occ=[5120, 24320] discarded=0
drain-tick seq=333 dt_us=53375 n=5120 occ_min=5120 occ_max=24320 occ=[5120, 24320] discarded=0
drain-tick seq=334 dt_us=53372 n=5120 occ_min=5120 occ_max=24320 occ=[5120, 24320] discarded=0
drain-tick seq=335 dt_us=53260 n=5120 occ_min=5120 occ_max=24320 occ=[5120, 24320] discarded=0
drain-tick seq=336 dt_us=53370 n=5120 occ_min=5120 occ_max=24320 occ=[5120, 24320] discarded=0
drain-tick seq=337 dt_us=53376 n=5120 occ_min=5120 occ_max=24320 occ=[5120, 24320] discarded=0
drain-tick seq=338 dt_us=53242 n=5120 occ_min=5120 occ_max=24320 occ=[5120, 24320] discarded=0
drain-tick seq=339 dt_us=53378 n=5120 occ_min=5120 occ_max=24320 occ=[5120, 24320] discarded=0
drain-tick seq=340 dt_us=53375 n=5120 occ_min=5120 occ_max=24320 occ=[5120, 24320] discarded=0
drain-tick seq=341 dt_us=53243 n=5120 occ_min=5120 occ_max=24320 occ=[5120, 24320] discarded=0
drain-tick seq=342 dt_us=53383 n=5120 occ_min=5120 occ_max=24320 occ=[5120, 24320] discarded=0
drain-tick seq=343 dt_us=53374 n=5120 occ_min=5120 occ_max=24320 occ=[5120, 24320] discarded=0
drain-window sr=96000 ticks=19 elapsed_s=1.0134 samples=97280 rate=0.9999x mean_dt_us=53336 n_min=5120 n_max=5120 occ_max=24320 zero_ticks=0 max_zero_run=0 max_zero_run_s=0.000 session_ticks=342 session_elapsed_s=18.240 session_rate=1.0000x
drain-tick seq=344 dt_us=53248 n=5120 occ_min=5120 occ_max=24320 occ=[5120, 24320] discarded=0
drain-tick seq=345 dt_us=53386 n=5120 occ_min=5120 occ_max=24320 occ=[5120, 24320] discarded=0
drain-tick seq=346 dt_us=53359 n=5120 occ_min=5120 occ_max=24320 occ=[5120, 24320] discarded=0
drain-tick seq=347 dt_us=53276 n=5120 occ_min=5120 occ_max=24320 occ=[5120, 24320] discarded=0
drain-tick seq=348 dt_us=53354 n=5120 occ_min=5120 occ_max=24320 occ=[5120, 24320] discarded=0
drain-tick seq=349 dt_us=53381 n=5120 occ_min=5120 occ_max=24320 occ=[5120, 24320] discarded=0
drain-tick seq=350 dt_us=53246 n=5120 occ_min=5120 occ_max=24320 occ=[5120, 24320] discarded=0
drain-tick seq=351 dt_us=53404 n=5120 occ_min=5120 occ_max=24320 occ=[5120, 24320] discarded=0
drain-tick seq=352 dt_us=53348 n=5120 occ_min=5120 occ_max=24320 occ=[5120, 24320] discarded=0
drain-tick seq=353 dt_us=53255 n=5120 occ_min=5120 occ_max=24320 occ=[5120, 24320] discarded=0
drain-tick seq=354 dt_us=53382 n=5120 occ_min=5120 occ_max=24320 occ=[5120, 24320] discarded=0
drain-tick seq=355 dt_us=53369 n=5120 occ_min=5120 occ_max=24320 occ=[5120, 24320] discarded=0
drain-tick seq=356 dt_us=53247 n=5120 occ_min=5120 occ_max=24320 occ=[5120, 24320] discarded=0
drain-tick seq=357 dt_us=53365 n=5120 occ_min=5120 occ_max=24320 occ=[5120, 24320] discarded=0
drain-tick seq=358 dt_us=53395 n=5120 occ_min=5120 occ_max=24320 occ=[5120, 24320] discarded=0
drain-tick seq=359 dt_us=53253 n=5120 occ_min=5120 occ_max=24320 occ=[5120, 24320] discarded=0
drain-tick seq=360 dt_us=53361 n=5120 occ_min=5120 occ_max=24320 occ=[5120, 24320] discarded=0
drain-tick seq=361 dt_us=53371 n=5120 occ_min=5120 occ_max=24320 occ=[5120, 24320] discarded=0
drain-tick seq=362 dt_us=53254 n=5120 occ_min=5120 occ_max=24320 occ=[5120, 24320] discarded=0
drain-window sr=96000 ticks=19 elapsed_s=1.0133 samples=97280 rate=1.0001x mean_dt_us=53330 n_min=5120 n_max=5120 occ_max=24320 zero_ticks=0 max_zero_run=0 max_zero_run_s=0.000 session_ticks=361 session_elapsed_s=19.253 session_rate=1.0000x
drain-tick seq=363 dt_us=53364 n=5120 occ_min=5120 occ_max=24320 occ=[5120, 24320] discarded=0
drain-tick seq=364 dt_us=53377 n=5120 occ_min=5120 occ_max=24320 occ=[5120, 24320] discarded=0
drain-tick seq=365 dt_us=53271 n=5120 occ_min=5120 occ_max=24320 occ=[5120, 24320] discarded=0
drain-tick seq=366 dt_us=53364 n=5120 occ_min=5120 occ_max=24320 occ=[5120, 24320] discarded=0
drain-tick seq=367 dt_us=53375 n=5120 occ_min=5120 occ_max=24320 occ=[5120, 24320] discarded=0
drain-tick seq=368 dt_us=53256 n=5120 occ_min=5120 occ_max=24320 occ=[5120, 24320] discarded=0
drain-tick seq=369 dt_us=53372 n=5120 occ_min=5120 occ_max=24320 occ=[5120, 24320] discarded=0
drain-tick seq=370 dt_us=53373 n=5120 occ_min=5120 occ_max=24320 occ=[5120, 24320] discarded=0
drain-tick seq=371 dt_us=53244 n=5120 occ_min=5120 occ_max=24320 occ=[5120, 24320] discarded=0
drain-tick seq=372 dt_us=53379 n=5120 occ_min=5120 occ_max=24320 occ=[5120, 24320] discarded=0
drain-tick seq=373 dt_us=53373 n=5120 occ_min=5120 occ_max=24320 occ=[5120, 24320] discarded=0
drain-tick seq=374 dt_us=53244 n=5120 occ_min=5120 occ_max=24320 occ=[5120, 24320] discarded=0
drain-tick seq=375 dt_us=53377 n=5120 occ_min=5120 occ_max=24320 occ=[5120, 24320] discarded=0
drain-tick seq=376 dt_us=53377 n=5120 occ_min=5120 occ_max=24320 occ=[5120, 24320] discarded=0
drain-tick seq=377 dt_us=53247 n=5120 occ_min=5120 occ_max=24320 occ=[5120, 24320] discarded=0
drain-tick seq=378 dt_us=53373 n=5120 occ_min=5120 occ_max=24320 occ=[5120, 24320] discarded=0
drain-tick seq=379 dt_us=53372 n=5120 occ_min=5120 occ_max=24320 occ=[5120, 24320] discarded=0
drain-tick seq=380 dt_us=53255 n=5120 occ_min=5120 occ_max=24320 occ=[5120, 24320] discarded=0
drain-tick seq=381 dt_us=53373 n=5120 occ_min=5120 occ_max=24320 occ=[5120, 24320] discarded=0
drain-window sr=96000 ticks=19 elapsed_s=1.0134 samples=97280 rate=1.0000x mean_dt_us=53336 n_min=5120 n_max=5120 occ_max=24320 zero_ticks=0 max_zero_run=0 max_zero_run_s=0.000 session_ticks=380 session_elapsed_s=20.267 session_rate=1.0000x
drain-tick seq=382 dt_us=53373 n=5120 occ_min=5120 occ_max=24320 occ=[5120, 24320] discarded=0
drain-tick seq=383 dt_us=53254 n=5120 occ_min=5120 occ_max=24320 occ=[5120, 24320] discarded=0
drain-tick seq=384 dt_us=53388 n=5120 occ_min=5120 occ_max=24320 occ=[5120, 24320] discarded=0
drain-tick seq=385 dt_us=53241 n=5120 occ_min=5120 occ_max=24320 occ=[5120, 24320] discarded=0
drain-tick seq=386 dt_us=53378 n=5120 occ_min=5120 occ_max=24320 occ=[5120, 24320] discarded=0
drain-tick seq=387 dt_us=53367 n=5120 occ_min=5120 occ_max=24320 occ=[5120, 24320] discarded=0
drain-tick seq=388 dt_us=53254 n=5120 occ_min=5120 occ_max=24320 occ=[5120, 24320] discarded=0
drain-tick seq=389 dt_us=53391 n=5120 occ_min=5120 occ_max=24320 occ=[5120, 24320] discarded=0
drain-tick seq=390 dt_us=53366 n=5120 occ_min=5120 occ_max=24320 occ=[5120, 24320] discarded=0
drain-tick seq=391 dt_us=53237 n=5120 occ_min=5120 occ_max=24320 occ=[5120, 24320] discarded=0
drain-tick seq=392 dt_us=53381 n=5120 occ_min=5120 occ_max=24320 occ=[5120, 24320] discarded=0
drain-tick seq=393 dt_us=53374 n=5120 occ_min=5120 occ_max=24320 occ=[5120, 24320] discarded=0
drain-tick seq=394 dt_us=53247 n=5120 occ_min=5120 occ_max=24320 occ=[5120, 24320] discarded=0
drain-tick seq=395 dt_us=53386 n=5120 occ_min=5120 occ_max=24320 occ=[5120, 24320] discarded=0
drain-tick seq=396 dt_us=53367 n=5120 occ_min=5120 occ_max=24320 occ=[5120, 24320] discarded=0
drain-tick seq=397 dt_us=53244 n=5120 occ_min=5120 occ_max=24320 occ=[5120, 24320] discarded=0
drain-tick seq=398 dt_us=53377 n=5120 occ_min=5120 occ_max=24320 occ=[5120, 24320] discarded=0
drain-tick seq=399 dt_us=53370 n=5120 occ_min=5120 occ_max=24320 occ=[5120, 24320] discarded=0
drain-tick seq=400 dt_us=53254 n=5120 occ_min=5120 occ_max=24320 occ=[5120, 24320] discarded=0
drain-window sr=96000 ticks=19 elapsed_s=1.0133 samples=97280 rate=1.0001x mean_dt_us=53329 n_min=5120 n_max=5120 occ_max=24320 zero_ticks=0 max_zero_run=0 max_zero_run_s=0.000 session_ticks=399 session_elapsed_s=21.280 session_rate=1.0000x
drain-tick seq=401 dt_us=53390 n=5120 occ_min=5120 occ_max=24320 occ=[5120, 24320] discarded=0
drain-tick seq=402 dt_us=53351 n=5120 occ_min=5120 occ_max=24320 occ=[5120, 24320] discarded=0
drain-tick seq=403 dt_us=53262 n=5120 occ_min=5120 occ_max=24320 occ=[5120, 24320] discarded=0
drain-tick seq=404 dt_us=53377 n=5120 occ_min=5120 occ_max=24320 occ=[5120, 24320] discarded=0
drain-tick seq=405 dt_us=53376 n=5120 occ_min=5120 occ_max=24320 occ=[5120, 24320] discarded=0
drain-tick seq=406 dt_us=53249 n=5120 occ_min=5120 occ_max=24320 occ=[5120, 24320] discarded=0
drain-tick seq=407 dt_us=53370 n=5120 occ_min=5120 occ_max=24320 occ=[5120, 24320] discarded=0
drain-tick seq=408 dt_us=53380 n=5120 occ_min=5120 occ_max=24320 occ=[5120, 24320] discarded=0
drain-tick seq=409 dt_us=53245 n=5120 occ_min=5120 occ_max=24320 occ=[5120, 24320] discarded=0
drain-tick seq=410 dt_us=53375 n=5120 occ_min=5120 occ_max=24320 occ=[5120, 24320] discarded=0
drain-tick seq=411 dt_us=53397 n=5120 occ_min=5120 occ_max=24320 occ=[5120, 24320] discarded=0
drain-tick seq=412 dt_us=53234 n=5120 occ_min=5120 occ_max=24320 occ=[5120, 24320] discarded=0
drain-tick seq=413 dt_us=53370 n=5120 occ_min=5120 occ_max=24320 occ=[5120, 24320] discarded=0
drain-tick seq=414 dt_us=53376 n=5120 occ_min=5120 occ_max=24320 occ=[5120, 24320] discarded=0
drain-tick seq=415 dt_us=53245 n=5120 occ_min=5120 occ_max=24320 occ=[5120, 24320] discarded=0
drain-tick seq=416 dt_us=53372 n=5120 occ_min=5120 occ_max=24320 occ=[5120, 24320] discarded=0
drain-tick seq=417 dt_us=53384 n=5120 occ_min=5120 occ_max=24320 occ=[5120, 24320] discarded=0
drain-tick seq=418 dt_us=53251 n=5120 occ_min=5120 occ_max=24320 occ=[5120, 24320] discarded=0
drain-tick seq=419 dt_us=53378 n=5120 occ_min=5120 occ_max=24320 occ=[5120, 24320] discarded=0
drain-window sr=96000 ticks=19 elapsed_s=1.0134 samples=97280 rate=0.9999x mean_dt_us=53336 n_min=5120 n_max=5120 occ_max=24320 zero_ticks=0 max_zero_run=0 max_zero_run_s=0.000 session_ticks=418 session_elapsed_s=22.293 session_rate=1.0000x
drain-tick seq=420 dt_us=53366 n=5120 occ_min=5120 occ_max=24320 occ=[5120, 24320] discarded=0
drain-tick seq=421 dt_us=53254 n=5120 occ_min=5120 occ_max=24320 occ=[5120, 24320] discarded=0
drain-tick seq=422 dt_us=53377 n=5120 occ_min=5120 occ_max=24320 occ=[5120, 24320] discarded=0
drain-tick seq=423 dt_us=53362 n=5120 occ_min=5120 occ_max=24320 occ=[5120, 24320] discarded=0
drain-tick seq=424 dt_us=53269 n=5120 occ_min=5120 occ_max=24320 occ=[5120, 24320] discarded=0
drain-tick seq=425 dt_us=53363 n=5120 occ_min=5120 occ_max=24320 occ=[5120, 24320] discarded=0
drain-tick seq=426 dt_us=53409 n=5120 occ_min=5120 occ_max=24320 occ=[5120, 24320] discarded=0
drain-tick seq=427 dt_us=53230 n=5120 occ_min=5120 occ_max=24320 occ=[5120, 24320] discarded=0
drain-tick seq=428 dt_us=53367 n=5120 occ_min=5120 occ_max=24320 occ=[5120, 24320] discarded=0
drain-tick seq=429 dt_us=53382 n=5120 occ_min=5120 occ_max=24320 occ=[5120, 24320] discarded=0
drain-tick seq=430 dt_us=53245 n=5120 occ_min=5120 occ_max=24320 occ=[5120, 24320] discarded=0
drain-tick seq=431 dt_us=53379 n=5120 occ_min=5120 occ_max=24320 occ=[5120, 24320] discarded=0
drain-tick seq=432 dt_us=53373 n=5120 occ_min=5120 occ_max=24320 occ=[5120, 24320] discarded=0
drain-tick seq=433 dt_us=53254 n=5120 occ_min=5120 occ_max=24320 occ=[5120, 24320] discarded=0
drain-tick seq=434 dt_us=53392 n=5120 occ_min=5120 occ_max=24320 occ=[5120, 24320] discarded=0
drain-tick seq=435 dt_us=53353 n=5120 occ_min=5120 occ_max=24320 occ=[5120, 24320] discarded=0
drain-tick seq=436 dt_us=53247 n=5120 occ_min=5120 occ_max=24320 occ=[5120, 24320] discarded=0
drain-tick seq=437 dt_us=53407 n=5120 occ_min=5120 occ_max=24320 occ=[5120, 24320] discarded=0
drain-tick seq=438 dt_us=53353 n=5120 occ_min=5120 occ_max=24320 occ=[5120, 24320] discarded=0
drain-window sr=96000 ticks=19 elapsed_s=1.0134 samples=97280 rate=0.9999x mean_dt_us=53336 n_min=5120 n_max=5120 occ_max=24320 zero_ticks=0 max_zero_run=0 max_zero_run_s=0.000 session_ticks=437 session_elapsed_s=23.307 session_rate=1.0000x
drain-tick seq=439 dt_us=53240 n=5120 occ_min=5120 occ_max=24320 occ=[5120, 24320] discarded=0
drain-tick seq=440 dt_us=53376 n=5120 occ_min=5120 occ_max=24320 occ=[5120, 24320] discarded=0
drain-tick seq=441 dt_us=53366 n=5120 occ_min=5120 occ_max=24320 occ=[5120, 24320] discarded=0
drain-tick seq=442 dt_us=53264 n=5120 occ_min=5120 occ_max=24320 occ=[5120, 24320] discarded=0
drain-tick seq=443 dt_us=53373 n=5120 occ_min=5120 occ_max=24320 occ=[5120, 24320] discarded=0
drain-tick seq=444 dt_us=53364 n=5120 occ_min=5120 occ_max=24320 occ=[5120, 24320] discarded=0
drain-tick seq=445 dt_us=53269 n=5120 occ_min=5120 occ_max=24320 occ=[5120, 24320] discarded=0
drain-tick seq=446 dt_us=53356 n=5120 occ_min=5120 occ_max=24320 occ=[5120, 24320] discarded=0
drain-tick seq=447 dt_us=53372 n=5120 occ_min=5120 occ_max=24320 occ=[5120, 24320] discarded=0
drain-tick seq=448 dt_us=53253 n=5120 occ_min=5120 occ_max=24320 occ=[5120, 24320] discarded=0
drain-tick seq=449 dt_us=53383 n=5120 occ_min=5120 occ_max=24320 occ=[5120, 24320] discarded=0
drain-tick seq=450 dt_us=53372 n=5120 occ_min=5120 occ_max=24320 occ=[5120, 24320] discarded=0
drain-tick seq=451 dt_us=53251 n=5120 occ_min=5120 occ_max=24320 occ=[5120, 24320] discarded=0
drain-tick seq=452 dt_us=53377 n=5120 occ_min=5120 occ_max=24320 occ=[5120, 24320] discarded=0
drain-tick seq=453 dt_us=53380 n=5120 occ_min=5120 occ_max=24320 occ=[5120, 24320] discarded=0
drain-tick seq=454 dt_us=53240 n=5120 occ_min=5120 occ_max=24320 occ=[5120, 24320] discarded=0
drain-tick seq=455 dt_us=53375 n=5120 occ_min=5120 occ_max=24320 occ=[5120, 24320] discarded=0
drain-tick seq=456 dt_us=53375 n=5120 occ_min=5120 occ_max=24320 occ=[5120, 24320] discarded=0
drain-tick seq=457 dt_us=53246 n=5120 occ_min=5120 occ_max=24320 occ=[5120, 24320] discarded=0
drain-window sr=96000 ticks=19 elapsed_s=1.0132 samples=97280 rate=1.0001x mean_dt_us=53329 n_min=5120 n_max=5120 occ_max=24320 zero_ticks=0 max_zero_run=0 max_zero_run_s=0.000 session_ticks=456 session_elapsed_s=24.320 session_rate=1.0000x
drain-tick seq=458 dt_us=53380 n=5120 occ_min=5120 occ_max=24320 occ=[5120, 24320] discarded=0
drain-tick seq=459 dt_us=53376 n=5120 occ_min=5120 occ_max=24320 occ=[5120, 24320] discarded=0
drain-tick seq=460 dt_us=53243 n=5120 occ_min=5120 occ_max=24320 occ=[5120, 24320] discarded=0
drain-tick seq=461 dt_us=53385 n=5120 occ_min=5120 occ_max=24320 occ=[5120, 24320] discarded=0
drain-tick seq=462 dt_us=53373 n=5120 occ_min=5120 occ_max=24320 occ=[5120, 24320] discarded=0
drain-tick seq=463 dt_us=53244 n=5120 occ_min=5120 occ_max=24320 occ=[5120, 24320] discarded=0
drain-tick seq=464 dt_us=53378 n=5120 occ_min=5120 occ_max=24320 occ=[5120, 24320] discarded=0
drain-tick seq=465 dt_us=53376 n=5120 occ_min=5120 occ_max=24320 occ=[5120, 24320] discarded=0
drain-tick seq=466 dt_us=53252 n=5120 occ_min=5120 occ_max=24320 occ=[5120, 24320] discarded=0
drain-tick seq=467 dt_us=53370 n=5120 occ_min=5120 occ_max=24320 occ=[5120, 24320] discarded=0
drain-tick seq=468 dt_us=53371 n=5120 occ_min=5120 occ_max=24320 occ=[5120, 24320] discarded=0
drain-tick seq=469 dt_us=53254 n=5120 occ_min=5120 occ_max=24320 occ=[5120, 24320] discarded=0
drain-tick seq=470 dt_us=53369 n=5120 occ_min=5120 occ_max=24320 occ=[5120, 24320] discarded=0
drain-tick seq=471 dt_us=53372 n=5120 occ_min=5120 occ_max=24320 occ=[5120, 24320] discarded=0
drain-tick seq=472 dt_us=53276 n=5120 occ_min=5120 occ_max=24320 occ=[5120, 24320] discarded=0
drain-tick seq=473 dt_us=53359 n=5120 occ_min=5120 occ_max=24320 occ=[5120, 24320] discarded=0
drain-tick seq=474 dt_us=53249 n=5120 occ_min=5120 occ_max=24320 occ=[5120, 24320] discarded=0
drain-tick seq=475 dt_us=53373 n=5120 occ_min=5120 occ_max=24320 occ=[5120, 24320] discarded=0
drain-tick seq=476 dt_us=53380 n=5120 occ_min=5120 occ_max=24320 occ=[5120, 24320] discarded=0
drain-window sr=96000 ticks=19 elapsed_s=1.0134 samples=97280 rate=0.9999x mean_dt_us=53336 n_min=5120 n_max=5120 occ_max=24320 zero_ticks=0 max_zero_run=0 max_zero_run_s=0.000 session_ticks=475 session_elapsed_s=25.333 session_rate=1.0000x
drain-tick seq=477 dt_us=53242 n=5120 occ_min=5120 occ_max=24320 occ=[5120, 24320] discarded=0
drain-tick seq=478 dt_us=53370 n=5120 occ_min=5120 occ_max=24320 occ=[5120, 24320] discarded=0
drain-tick seq=479 dt_us=53386 n=5120 occ_min=5120 occ_max=24320 occ=[5120, 24320] discarded=0
drain-tick seq=480 dt_us=53253 n=5120 occ_min=5120 occ_max=24320 occ=[5120, 24320] discarded=0
drain-tick seq=481 dt_us=53375 n=5120 occ_min=5120 occ_max=24320 occ=[5120, 24320] discarded=0
drain-tick seq=482 dt_us=53368 n=5120 occ_min=5120 occ_max=24320 occ=[5120, 24320] discarded=0
drain-tick seq=483 dt_us=53283 n=5120 occ_min=5120 occ_max=24320 occ=[5120, 24320] discarded=0
drain-tick seq=484 dt_us=53343 n=5120 occ_min=5120 occ_max=24320 occ=[5120, 24320] discarded=0
drain-tick seq=485 dt_us=53387 n=5120 occ_min=5120 occ_max=24320 occ=[5120, 24320] discarded=0
drain-tick seq=486 dt_us=53241 n=5120 occ_min=5120 occ_max=24320 occ=[5120, 24320] discarded=0
drain-tick seq=487 dt_us=53372 n=5120 occ_min=5120 occ_max=24320 occ=[5120, 24320] discarded=0
drain-tick seq=488 dt_us=53373 n=5120 occ_min=5120 occ_max=24320 occ=[5120, 24320] discarded=0
drain-tick seq=489 dt_us=53248 n=5120 occ_min=5120 occ_max=24320 occ=[5120, 24320] discarded=0
drain-tick seq=490 dt_us=53377 n=5120 occ_min=5120 occ_max=24320 occ=[5120, 24320] discarded=0
drain-tick seq=491 dt_us=53374 n=5120 occ_min=5120 occ_max=24320 occ=[5120, 24320] discarded=0
drain-tick seq=492 dt_us=53250 n=5120 occ_min=5120 occ_max=24320 occ=[5120, 24320] discarded=0
drain-tick seq=493 dt_us=53380 n=5120 occ_min=5120 occ_max=24320 occ=[5120, 24320] discarded=0
drain-tick seq=494 dt_us=53375 n=5120 occ_min=5120 occ_max=24320 occ=[5120, 24320] discarded=0
drain-tick seq=495 dt_us=53243 n=5120 occ_min=5120 occ_max=24320 occ=[5120, 24320] discarded=0
drain-window sr=96000 ticks=19 elapsed_s=1.0132 samples=97280 rate=1.0001x mean_dt_us=53329 n_min=5120 n_max=5120 occ_max=24320 zero_ticks=0 max_zero_run=0 max_zero_run_s=0.000 session_ticks=494 session_elapsed_s=26.347 session_rate=1.0000x
drain-tick seq=496 dt_us=53381 n=5120 occ_min=5120 occ_max=24320 occ=[5120, 24320] discarded=0
drain-tick seq=497 dt_us=53384 n=5120 occ_min=5120 occ_max=24320 occ=[5120, 24320] discarded=0
drain-tick seq=498 dt_us=53235 n=5120 occ_min=5120 occ_max=24320 occ=[5120, 24320] discarded=0
drain-tick seq=499 dt_us=53378 n=5120 occ_min=5120 occ_max=24320 occ=[5120, 24320] discarded=0
drain-tick seq=500 dt_us=53375 n=5120 occ_min=5120 occ_max=24320 occ=[5120, 24320] discarded=0
drain-tick seq=501 dt_us=53253 n=5120 occ_min=5120 occ_max=24320 occ=[5120, 24320] discarded=0
drain-tick seq=502 dt_us=53377 n=5120 occ_min=5120 occ_max=24320 occ=[5120, 24320] discarded=0
drain-tick seq=503 dt_us=53376 n=5120 occ_min=5120 occ_max=24320 occ=[5120, 24320] discarded=0
drain-tick seq=504 dt_us=53245 n=5120 occ_min=5120 occ_max=24320 occ=[5120, 24320] discarded=0
drain-tick seq=505 dt_us=53379 n=5120 occ_min=5120 occ_max=24320 occ=[5120, 24320] discarded=0
drain-tick seq=506 dt_us=53368 n=5120 occ_min=5120 occ_max=24320 occ=[5120, 24320] discarded=0
drain-tick seq=507 dt_us=53255 n=5120 occ_min=5120 occ_max=24320 occ=[5120, 24320] discarded=0
drain-tick seq=508 dt_us=53381 n=5120 occ_min=5120 occ_max=24320 occ=[5120, 24320] discarded=0
drain-tick seq=509 dt_us=53371 n=5120 occ_min=5120 occ_max=24320 occ=[5120, 24320] discarded=0
drain-tick seq=510 dt_us=53245 n=5120 occ_min=5120 occ_max=24320 occ=[5120, 24320] discarded=0
drain-tick seq=511 dt_us=53370 n=5120 occ_min=5120 occ_max=24320 occ=[5120, 24320] discarded=0
drain-tick seq=512 dt_us=53376 n=5120 occ_min=5120 occ_max=24320 occ=[5120, 24320] discarded=0
drain-tick seq=513 dt_us=53256 n=5120 occ_min=5120 occ_max=24320 occ=[5120, 24320] discarded=0
drain-tick seq=514 dt_us=53387 n=5120 occ_min=5120 occ_max=24320 occ=[5120, 24320] discarded=0
drain-window sr=96000 ticks=19 elapsed_s=1.0134 samples=97280 rate=0.9999x mean_dt_us=53337 n_min=5120 n_max=5120 occ_max=24320 zero_ticks=0 max_zero_run=0 max_zero_run_s=0.000 session_ticks=513 session_elapsed_s=27.360 session_rate=1.0000x
drain-tick seq=515 dt_us=53364 n=5120 occ_min=5120 occ_max=24320 occ=[5120, 24320] discarded=0
drain-tick seq=516 dt_us=53244 n=5120 occ_min=5120 occ_max=24320 occ=[5120, 24320] discarded=0
drain-tick seq=517 dt_us=53386 n=5120 occ_min=5120 occ_max=24320 occ=[5120, 24320] discarded=0
drain-tick seq=518 dt_us=53374 n=5120 occ_min=5120 occ_max=24320 occ=[5120, 24320] discarded=0
drain-tick seq=519 dt_us=53241 n=5120 occ_min=5120 occ_max=24320 occ=[5120, 24320] discarded=0
drain-tick seq=520 dt_us=53385 n=5120 occ_min=5120 occ_max=24320 occ=[5120, 24320] discarded=0
drain-tick seq=521 dt_us=53366 n=5120 occ_min=5120 occ_max=24320 occ=[5120, 24320] discarded=0
drain-tick seq=522 dt_us=53256 n=5120 occ_min=5120 occ_max=24320 occ=[5120, 24320] discarded=0
drain-tick seq=523 dt_us=53368 n=5120 occ_min=5120 occ_max=24320 occ=[5120, 24320] discarded=0
drain-tick seq=524 dt_us=53380 n=5120 occ_min=5120 occ_max=24320 occ=[5120, 24320] discarded=0
drain-tick seq=525 dt_us=53265 n=5120 occ_min=5120 occ_max=24320 occ=[5120, 24320] discarded=0
drain-tick seq=526 dt_us=53367 n=5120 occ_min=5120 occ_max=24320 occ=[5120, 24320] discarded=0
drain-tick seq=527 dt_us=53374 n=5120 occ_min=5120 occ_max=24320 occ=[5120, 24320] discarded=0
drain-tick seq=528 dt_us=53246 n=5120 occ_min=5120 occ_max=24320 occ=[5120, 24320] discarded=0
drain-tick seq=529 dt_us=53373 n=5120 occ_min=5120 occ_max=24320 occ=[5120, 24320] discarded=0
drain-tick seq=530 dt_us=53376 n=5120 occ_min=5120 occ_max=24320 occ=[5120, 24320] discarded=0
drain-tick seq=531 dt_us=53249 n=5120 occ_min=5120 occ_max=24320 occ=[5120, 24320] discarded=0
drain-tick seq=532 dt_us=53375 n=5120 occ_min=5120 occ_max=24320 occ=[5120, 24320] discarded=0
drain-tick seq=533 dt_us=53384 n=5120 occ_min=5120 occ_max=24320 occ=[5120, 24320] discarded=0
drain-window sr=96000 ticks=19 elapsed_s=1.0134 samples=97280 rate=1.0000x mean_dt_us=53336 n_min=5120 n_max=5120 occ_max=24320 zero_ticks=0 max_zero_run=0 max_zero_run_s=0.000 session_ticks=532 session_elapsed_s=28.373 session_rate=1.0000x
drain-tick seq=534 dt_us=53251 n=5120 occ_min=5120 occ_max=24320 occ=[5120, 24320] discarded=0
drain-tick seq=535 dt_us=53366 n=5120 occ_min=5120 occ_max=24320 occ=[5120, 24320] discarded=0
drain-tick seq=536 dt_us=53373 n=5120 occ_min=5120 occ_max=24320 occ=[5120, 24320] discarded=0
drain-tick seq=537 dt_us=53254 n=5120 occ_min=5120 occ_max=24320 occ=[5120, 24320] discarded=0
drain-tick seq=538 dt_us=53368 n=5120 occ_min=5120 occ_max=24320 occ=[5120, 24320] discarded=0
drain-tick seq=539 dt_us=53388 n=5120 occ_min=5120 occ_max=24320 occ=[5120, 24320] discarded=0
drain-tick seq=540 dt_us=53242 n=5120 occ_min=5120 occ_max=24320 occ=[5120, 24320] discarded=0
drain-tick seq=541 dt_us=53372 n=5120 occ_min=5120 occ_max=24320 occ=[5120, 24320] discarded=0
drain-tick seq=542 dt_us=53376 n=5120 occ_min=5120 occ_max=24320 occ=[5120, 24320] discarded=0
drain-tick seq=543 dt_us=53252 n=5120 occ_min=5120 occ_max=24320 occ=[5120, 24320] discarded=0
drain-tick seq=544 dt_us=53374 n=5120 occ_min=5120 occ_max=24320 occ=[5120, 24320] discarded=0
drain-tick seq=545 dt_us=53393 n=5120 occ_min=5120 occ_max=24320 occ=[5120, 24320] discarded=0
drain-tick seq=546 dt_us=53233 n=5120 occ_min=5120 occ_max=24320 occ=[5120, 24320] discarded=0
drain-tick seq=547 dt_us=53376 n=5120 occ_min=5120 occ_max=24320 occ=[5120, 24320] discarded=0
drain-tick seq=548 dt_us=53375 n=5120 occ_min=5120 occ_max=24320 occ=[5120, 24320] discarded=0
drain-tick seq=549 dt_us=53251 n=5120 occ_min=5120 occ_max=24320 occ=[5120, 24320] discarded=0
drain-tick seq=550 dt_us=53375 n=5120 occ_min=5120 occ_max=24320 occ=[5120, 24320] discarded=0
drain-tick seq=551 dt_us=53367 n=5120 occ_min=5120 occ_max=24320 occ=[5120, 24320] discarded=0
drain-tick seq=552 dt_us=53258 n=5120 occ_min=5120 occ_max=24320 occ=[5120, 24320] discarded=0
drain-window sr=96000 ticks=19 elapsed_s=1.0133 samples=97280 rate=1.0001x mean_dt_us=53329 n_min=5120 n_max=5120 occ_max=24320 zero_ticks=0 max_zero_run=0 max_zero_run_s=0.000 session_ticks=551 session_elapsed_s=29.387 session_rate=1.0000x
drain-tick seq=553 dt_us=53368 n=5120 occ_min=5120 occ_max=24320 occ=[5120, 24320] discarded=0
drain-tick seq=554 dt_us=53377 n=5120 occ_min=5120 occ_max=24320 occ=[5120, 24320] discarded=0
drain-tick seq=555 dt_us=53251 n=5120 occ_min=5120 occ_max=24320 occ=[5120, 24320] discarded=0
drain-tick seq=556 dt_us=53372 n=5120 occ_min=5120 occ_max=24320 occ=[5120, 24320] discarded=0
drain-tick seq=557 dt_us=53375 n=5120 occ_min=5120 occ_max=24320 occ=[5120, 24320] discarded=0
drain-tick seq=558 dt_us=53257 n=5120 occ_min=5120 occ_max=24320 occ=[5120, 24320] discarded=0
